 .android.chrome-25132   [007] ..... 44555.214669: binder_transaction: transaction=3961371 dest_node=3930430 dest_proc=600 dest_thread=0 reply=0 flags=0x11 code=0x3
 .android.chrome-25132   [007] ..... 44555.214731: binder_wait_for_work: proc_work=0 transaction_stack=0 thread_todo=1
 .android.chrome-25132   [006] ..... 44555.315540: binder_transaction: transaction=3961403 dest_node=3930430 dest_proc=600 dest_thread=0 reply=0 flags=0x11 code=0x3
 .android.chrome-25132   [006] ..... 44555.315676: binder_wait_for_work: proc_work=0 transaction_stack=0 thread_todo=1
 .android.chrome-25132   [007] ..... 44555.382510: binder_transaction: transaction=3961423 dest_node=3930430 dest_proc=600 dest_thread=0 reply=0 flags=0x11 code=0x3
 .android.chrome-25132   [007] ..... 44555.382581: binder_wait_for_work: proc_work=0 transaction_stack=0 thread_todo=1
 .android.chrome-25132   [006] ..... 44555.832782: binder_transaction: transaction=3961562 dest_node=3930430 dest_proc=600 dest_thread=0 reply=0 flags=0x11 code=0x3
 .android.chrome-25132   [006] ..... 44555.832844: binder_wait_for_work: proc_work=0 transaction_stack=0 thread_todo=1
 .android.chrome-25132   [007] ..... 44555.967111: binder_transaction: transaction=3961604 dest_node=3930430 dest_proc=600 dest_thread=0 reply=0 flags=0x11 code=0x3
 .android.chrome-25132   [007] ..... 44555.967178: binder_wait_for_work: proc_work=0 transaction_stack=0 thread_todo=1
 .android.chrome-25132   [007] ..... 44556.167894: binder_transaction: transaction=3961665 dest_node=3930430 dest_proc=600 dest_thread=0 reply=0 flags=0x11 code=0x3
 .android.chrome-25132   [007] ..... 44556.167964: binder_wait_for_work: proc_work=0 transaction_stack=0 thread_todo=1
 .android.chrome-25132   [007] ..... 44556.402570: binder_transaction: transaction=3961738 dest_node=3930430 dest_proc=600 dest_thread=0 reply=0 flags=0x11 code=0x3
 .android.chrome-25132   [007] ..... 44556.402641: binder_wait_for_work: proc_work=0 transaction_stack=0 thread_todo=1
 .android.chrome-25132   [006] ..... 44556.518975: binder_transaction: transaction=3961784 dest_node=3930430 dest_proc=600 dest_thread=0 reply=0 flags=0x11 code=0x3
 .android.chrome-25132   [006] ..... 44556.519047: binder_wait_for_work: proc_work=0 transaction_stack=0 thread_todo=1
  binder:25132_3-25144   [007] ..... 44556.589592: binder_transaction_received: transaction=3961816
  binder:25132_3-25144   [007] ..... 44556.589913: binder_wait_for_work: proc_work=1 transaction_stack=0 thread_todo=0
 .android.chrome-25132   [006] ..... 44556.669669: binder_transaction: transaction=3961839 dest_node=3930430 dest_proc=600 dest_thread=0 reply=0 flags=0x11 code=0x3
 .android.chrome-25132   [006] ..... 44556.669743: binder_wait_for_work: proc_work=0 transaction_stack=0 thread_todo=1
 .android.chrome-25132   [007] ..... 44556.719420: binder_transaction: transaction=3961854 dest_node=3930430 dest_proc=600 dest_thread=0 reply=0 flags=0x11 code=0x3
 .android.chrome-25132   [007] ..... 44556.719486: binder_wait_for_work: proc_work=0 transaction_stack=0 thread_todo=1
    binder:600_1-646     [007] ..... 44556.736134: binder_transaction_received: transaction=3961859
    binder:600_1-646     [007] ..... 44556.736188: binder_wait_for_work: proc_work=1 transaction_stack=0 thread_todo=0
 .android.chrome-25132   [007] ..... 44556.769901: binder_transaction: transaction=3961869 dest_node=3930430 dest_proc=600 dest_thread=0 reply=0 flags=0x11 code=0x3
 .android.chrome-25132   [007] ..... 44556.769977: binder_wait_for_work: proc_work=0 transaction_stack=0 thread_todo=1
 .android.chrome-25132   [007] ..... 44556.786699: binder_transaction: transaction=3961876 dest_node=3930430 dest_proc=600 dest_thread=0 reply=0 flags=0x11 code=0x3
 .android.chrome-25132   [007] ..... 44556.786767: binder_wait_for_work: proc_work=0 transaction_stack=0 thread_todo=1
  binder:25132_3-25144   [007] ..... 44556.791030: binder_transaction_received: transaction=3961879
  binder:25132_3-25144   [007] ..... 44556.791484: binder_wait_for_work: proc_work=1 transaction_stack=0 thread_todo=0
 .android.chrome-25132   [006] ..... 44556.886681: binder_transaction: transaction=3961911 dest_node=3930430 dest_proc=600 dest_thread=0 reply=0 flags=0x11 code=0x3
 .android.chrome-25132   [006] ..... 44556.886746: binder_wait_for_work: proc_work=0 transaction_stack=0 thread_todo=1
 .android.chrome-25132   [007] ..... 44557.204056: binder_transaction: transaction=3962034 dest_node=3930430 dest_proc=600 dest_thread=0 reply=0 flags=0x11 code=0x3
 .android.chrome-25132   [007] ..... 44557.204127: binder_wait_for_work: proc_work=0 transaction_stack=0 thread_todo=1
##### CPU 5 buffer started ####
  HwBinder:604_2-658     [005] ..... 44557.222256: binder_transaction: transaction=3962042 dest_node=0 dest_proc=600 dest_thread=600 reply=1 flags=0x0 code=0x0
  HwBinder:604_2-658     [005] ..... 44557.222316: binder_wait_for_work: proc_work=0 transaction_stack=0 thread_todo=1
  HwBinder:604_2-658     [005] ..... 44557.222353: binder_wait_for_work: proc_work=1 transaction_stack=0 thread_todo=0
  HwBinder:604_2-658     [005] ..... 44557.222358: binder_wait_for_work: proc_work=1 transaction_stack=0 thread_todo=0
  surfaceflinger-600     [005] ..... 44557.222397: binder_transaction_received: transaction=3962042
 .android.chrome-25132   [006] ..... 44557.254612: binder_transaction: transaction=3962054 dest_node=3930430 dest_proc=600 dest_thread=0 reply=0 flags=0x11 code=0x3
 .android.chrome-25132   [006] ..... 44557.254682: binder_wait_for_work: proc_work=0 transaction_stack=0 thread_todo=1
 .android.chrome-25132   [007] ..... 44557.321486: binder_transaction: transaction=3962075 dest_node=3930430 dest_proc=600 dest_thread=0 reply=0 flags=0x11 code=0x3
 .android.chrome-25132   [007] ..... 44557.321606: binder_wait_for_work: proc_work=0 transaction_stack=0 thread_todo=1
  BckgrndExec HP-705     [005] ..... 44557.374648: binder_transaction: transaction=3962093 dest_node=3930845 dest_proc=25132 dest_thread=0 reply=0 flags=0x11 code=0x1
  BckgrndExec HP-705     [005] ..... 44557.374749: binder_wait_for_work: proc_work=0 transaction_stack=0 thread_todo=1
    binder:600_1-646     [005] ..... 44557.380682: binder_transaction_received: transaction=3962094
    binder:600_1-646     [005] ..... 44557.380893: binder_wait_for_work: proc_work=1 transaction_stack=0 thread_todo=0
   binder:2275_3-2399    [005] ..... 44557.480576: binder_transaction_received: transaction=3962125
   binder:2275_3-2399    [005] ..... 44557.480818: binder_wait_for_work: proc_work=1 transaction_stack=0 thread_todo=0
    binder:600_1-646     [005] ..... 44557.481355: binder_transaction_received: transaction=3962126
    binder:600_1-646     [005] ..... 44557.481585: binder_wait_for_work: proc_work=1 transaction_stack=0 thread_todo=0
 .android.chrome-25132   [007] ..... 44557.488957: binder_transaction: transaction=3962128 dest_node=3930430 dest_proc=600 dest_thread=0 reply=0 flags=0x11 code=0x3
 .android.chrome-25132   [007] ..... 44557.489112: binder_wait_for_work: proc_work=0 transaction_stack=0 thread_todo=1
  surfaceflinger-600     [005] ..... 44557.521924: binder_transaction: transaction=3962146 dest_node=449 dest_proc=604 dest_thread=0 reply=0 flags=0x10 code=0x23
  surfaceflinger-600     [005] ..... 44557.522048: binder_wait_for_work: proc_work=0 transaction_stack=1 thread_todo=1
  surfaceflinger-600     [005] ..... 44557.522068: binder_wait_for_work: proc_work=0 transaction_stack=1 thread_todo=0
  HwBinder:604_2-658     [005] ..... 44557.522111: binder_transaction_received: transaction=3962146
  HwBinder:604_2-658     [005] ..... 44557.522844: binder_transaction: transaction=3962147 dest_node=0 dest_proc=600 dest_thread=600 reply=1 flags=0x0 code=0x0
  HwBinder:604_2-658     [005] ..... 44557.522894: binder_wait_for_work: proc_work=0 transaction_stack=0 thread_todo=1
  HwBinder:604_2-658     [005] ..... 44557.522924: binder_wait_for_work: proc_work=1 transaction_stack=0 thread_todo=0
  HwBinder:604_2-658     [005] ..... 44557.522929: binder_wait_for_work: proc_work=1 transaction_stack=0 thread_todo=0
  surfaceflinger-600     [005] ..... 44557.522957: binder_transaction_received: transaction=3962147
 .android.chrome-25132   [007] ..... 44557.605594: binder_transaction: transaction=3962180 dest_node=3930430 dest_proc=600 dest_thread=0 reply=0 flags=0x11 code=0x3
 .android.chrome-25132   [007] ..... 44557.605665: binder_wait_for_work: proc_work=0 transaction_stack=0 thread_todo=1
    binder:600_1-646     [005] ..... 44557.621993: binder_transaction_received: transaction=3962184
    binder:600_1-646     [005] ..... 44557.622046: binder_wait_for_work: proc_work=1 transaction_stack=0 thread_todo=0
    binder:600_1-646     [005] ..... 44557.655415: binder_transaction_received: transaction=3962194
    binder:600_1-646     [005] ..... 44557.655467: binder_wait_for_work: proc_work=1 transaction_stack=0 thread_todo=0
  binder:25132_3-25144   [005] ..... 44557.775671: binder_transaction_received: transaction=3962233
  binder:25132_3-25144   [005] ..... 44557.776016: binder_wait_for_work: proc_work=1 transaction_stack=0 thread_todo=0
 .android.chrome-25132   [005] ..... 44557.822767: binder_transaction: transaction=3962246 dest_node=3930430 dest_proc=600 dest_thread=0 reply=0 flags=0x11 code=0x3
 .android.chrome-25132   [005] ..... 44557.822841: binder_wait_for_work: proc_work=0 transaction_stack=0 thread_todo=1
    binder:600_1-646     [005] ..... 44557.839685: binder_transaction_received: transaction=3962251
    binder:600_1-646     [005] ..... 44557.839737: binder_wait_for_work: proc_work=1 transaction_stack=0 thread_todo=0
  binder:25132_3-25144   [005] ..... 44557.843099: binder_transaction_received: transaction=3962254
  binder:25132_3-25144   [005] ..... 44557.843580: binder_wait_for_work: proc_work=1 transaction_stack=0 thread_todo=0
    RenderThread-25167   [005] ..... 44557.847734: binder_transaction: transaction=3962255 dest_node=532 dest_proc=600 dest_thread=0 reply=0 flags=0x11 code=0x8
    RenderThread-25167   [005] ..... 44557.847833: binder_wait_for_work: proc_work=0 transaction_stack=0 thread_todo=1
 .android.chrome-25132   [005] ..... 44557.855355: binder_transaction: transaction=3962256 dest_node=3930430 dest_proc=600 dest_thread=0 reply=0 flags=0x11 code=0x3
 .android.chrome-25132   [005] ..... 44557.855426: binder_wait_for_work: proc_work=0 transaction_stack=0 thread_todo=1
  binder:25132_3-25144   [005] ..... 44557.859531: binder_transaction_received: transaction=3962259
  binder:25132_3-25144   [005] ..... 44557.859871: binder_wait_for_work: proc_work=1 transaction_stack=0 thread_todo=0
 .android.chrome-25132   [005] ..... 44557.872223: binder_transaction: transaction=3962261 dest_node=3930430 dest_proc=600 dest_thread=0 reply=0 flags=0x11 code=0x3
 .android.chrome-25132   [005] ..... 44557.872295: binder_wait_for_work: proc_work=0 transaction_stack=0 thread_todo=1
  binder:25132_3-25144   [005] ..... 44557.876358: binder_transaction_received: transaction=3962264
  binder:25132_3-25144   [005] ..... 44557.876712: binder_wait_for_work: proc_work=1 transaction_stack=0 thread_todo=0
    binder:600_1-646     [005] ..... 44557.889135: binder_transaction_received: transaction=3962267
    binder:600_1-646     [005] ..... 44557.889185: binder_wait_for_work: proc_work=1 transaction_stack=0 thread_todo=0
  binder:25132_3-25144   [005] ..... 44557.892638: binder_transaction_received: transaction=3962270
  binder:25132_3-25144   [005] ..... 44557.892944: binder_wait_for_work: proc_work=1 transaction_stack=0 thread_todo=0
  surfaceflinger-600     [005] ..... 44557.906461: binder_transaction: transaction=3962273 dest_node=449 dest_proc=604 dest_thread=0 reply=0 flags=0x10 code=0x23
  surfaceflinger-600     [005] ..... 44557.906581: binder_wait_for_work: proc_work=0 transaction_stack=1 thread_todo=1
  surfaceflinger-600     [005] ..... 44557.906601: binder_wait_for_work: proc_work=0 transaction_stack=1 thread_todo=0
  HwBinder:604_2-658     [005] ..... 44557.906649: binder_transaction_received: transaction=3962273
  HwBinder:604_2-658     [005] ..... 44557.907392: binder_transaction: transaction=3962274 dest_node=0 dest_proc=600 dest_thread=600 reply=1 flags=0x0 code=0x0
  HwBinder:604_2-658     [005] ..... 44557.907460: binder_wait_for_work: proc_work=0 transaction_stack=0 thread_todo=1
  HwBinder:604_2-658     [005] ..... 44557.907501: binder_wait_for_work: proc_work=1 transaction_stack=0 thread_todo=0
  HwBinder:604_2-658     [005] ..... 44557.907511: binder_wait_for_work: proc_work=1 transaction_stack=0 thread_todo=0
  surfaceflinger-600     [005] ..... 44557.907543: binder_transaction_received: transaction=3962274
  binder:25132_3-25144   [005] ..... 44557.908749: binder_transaction_received: transaction=3962275
  binder:25132_3-25144   [005] ..... 44557.909061: binder_wait_for_work: proc_work=1 transaction_stack=0 thread_todo=0
 .android.chrome-25132   [005] ..... 44557.922963: binder_transaction: transaction=3962277 dest_node=3930430 dest_proc=600 dest_thread=0 reply=0 flags=0x11 code=0x3
 .android.chrome-25132   [005] ..... 44557.923047: binder_wait_for_work: proc_work=0 transaction_stack=0 thread_todo=1
 .android.chrome-25132   [006] ..... 44558.023125: binder_transaction: transaction=3962316 dest_node=3930430 dest_proc=600 dest_thread=0 reply=0 flags=0x11 code=0x3
 .android.chrome-25132   [006] ..... 44558.023192: binder_wait_for_work: proc_work=0 transaction_stack=0 thread_todo=1
 .android.chrome-25132   [005] ..... 44558.090155: binder_transaction: transaction=3962345 dest_node=3930430 dest_proc=600 dest_thread=0 reply=0 flags=0x11 code=0x3
 .android.chrome-25132   [005] ..... 44558.090230: binder_wait_for_work: proc_work=0 transaction_stack=0 thread_todo=1
 .android.chrome-25132   [005] ..... 44558.106648: binder_transaction: transaction=3962350 dest_node=3930430 dest_proc=600 dest_thread=0 reply=0 flags=0x11 code=0x3
 .android.chrome-25132   [005] ..... 44558.106725: binder_wait_for_work: proc_work=0 transaction_stack=0 thread_todo=1
  binder:25132_3-25144   [005] ..... 44558.110373: binder_transaction_received: transaction=3962353
  binder:25132_3-25144   [005] ..... 44558.110896: binder_wait_for_work: proc_work=1 transaction_stack=0 thread_todo=0
    binder:600_1-646     [005] ..... 44558.190026: binder_transaction_received: transaction=3962376
    binder:600_1-646     [005] ..... 44558.190076: binder_wait_for_work: proc_work=1 transaction_stack=0 thread_todo=0
    binder:600_1-646     [005] ..... 44558.207225: binder_transaction_received: transaction=3962381
    binder:600_1-646     [005] ..... 44558.207280: binder_wait_for_work: proc_work=1 transaction_stack=0 thread_todo=0
  binder:25132_3-25144   [006] ..... 44558.244036: binder_transaction_received: transaction=3962394
  binder:25132_3-25144   [006] ..... 44558.244340: binder_wait_for_work: proc_work=1 transaction_stack=0 thread_todo=0
  BckgrndExec HP-705     [005] ..... 44558.344112: binder_transaction: transaction=3962425 dest_node=3930845 dest_proc=25132 dest_thread=0 reply=0 flags=0x11 code=0x1
  BckgrndExec HP-705     [005] ..... 44558.344183: binder_wait_for_work: proc_work=0 transaction_stack=0 thread_todo=1
    binder:600_1-646     [005] ..... 44558.490675: binder_transaction_received: transaction=3962469
    binder:600_1-646     [005] ..... 44558.490725: binder_wait_for_work: proc_work=1 transaction_stack=0 thread_todo=0
    RenderThread-25167   [005] ..... 44558.498716: binder_transaction: transaction=3962474 dest_node=532 dest_proc=600 dest_thread=0 reply=0 flags=0x11 code=0x8
    RenderThread-25167   [005] ..... 44558.498846: binder_wait_for_work: proc_work=0 transaction_stack=0 thread_todo=1
 .android.chrome-25132   [005] ..... 44558.523981: binder_transaction: transaction=3962487 dest_node=3930430 dest_proc=600 dest_thread=0 reply=0 flags=0x11 code=0x3
 .android.chrome-25132   [005] ..... 44558.524061: binder_wait_for_work: proc_work=0 transaction_stack=0 thread_todo=1
 .android.chrome-25132   [005] ..... 44558.541452: binder_transaction: transaction=3962492 dest_node=3930430 dest_proc=600 dest_thread=0 reply=0 flags=0x11 code=0x3
 .android.chrome-25132   [005] ..... 44558.541531: binder_wait_for_work: proc_work=0 transaction_stack=0 thread_todo=1
    binder:600_1-646     [005] ..... 44558.574715: binder_transaction_received: transaction=3962508
    binder:600_1-646     [005] ..... 44558.574768: binder_wait_for_work: proc_work=1 transaction_stack=0 thread_todo=0
 .android.chrome-25132   [005] ..... 44558.742299: binder_transaction: transaction=3962562 dest_node=3930430 dest_proc=600 dest_thread=0 reply=0 flags=0x11 code=0x3
 .android.chrome-25132   [005] ..... 44558.742373: binder_wait_for_work: proc_work=0 transaction_stack=0 thread_todo=1
 .android.chrome-25132   [006] ..... 44558.759700: binder_transaction: transaction=3962568 dest_node=3930430 dest_proc=600 dest_thread=0 reply=0 flags=0x11 code=0x3
 .android.chrome-25132   [006] ..... 44558.759770: binder_wait_for_work: proc_work=0 transaction_stack=0 thread_todo=1
    RenderThread-25167   [005] ..... 44558.799181: binder_transaction: transaction=3962582 dest_node=532 dest_proc=600 dest_thread=0 reply=0 flags=0x11 code=0x8
    RenderThread-25167   [005] ..... 44558.799298: binder_wait_for_work: proc_work=0 transaction_stack=0 thread_todo=1
    RenderThread-25167   [005] ..... 44558.832711: binder_transaction: transaction=3962592 dest_node=532 dest_proc=600 dest_thread=0 reply=0 flags=0x11 code=0x8
    RenderThread-25167   [005] ..... 44558.832811: binder_wait_for_work: proc_work=0 transaction_stack=0 thread_todo=1
  binder:25132_3-25144   [005] ..... 44558.929128: binder_transaction_received: transaction=3962622
 .android.chrome-25132   [005] ..... 44558.942517: binder_transaction: transaction=3962624 dest_node=3930430 dest_proc=600 dest_thread=0 reply=0 flags=0x11 code=0x3
 .android.chrome-25132   [005] ..... 44558.942594: binder_wait_for_work: proc_work=0 transaction_stack=0 thread_todo=1
  binder:25132_3-25144   [005] ..... 44559.096755: binder_transaction_received: transaction=3962678
  surfaceflinger-600     [005] ..... 44559.277345: binder_transaction: transaction=3962732 dest_node=449 dest_proc=604 dest_thread=0 reply=0 flags=0x10 code=0x23
  surfaceflinger-600     [005] ..... 44559.277460: binder_wait_for_work: proc_work=0 transaction_stack=1 thread_todo=1
  surfaceflinger-600     [005] ..... 44559.277478: binder_wait_for_work: proc_work=0 transaction_stack=1 thread_todo=0
  HwBinder:604_2-658     [005] ..... 44559.277521: binder_transaction_received: transaction=3962732
  HwBinder:604_2-658     [005] ..... 44559.278258: binder_transaction: transaction=3962733 dest_node=0 dest_proc=600 dest_thread=600 reply=1 flags=0x0 code=0x0
  HwBinder:604_2-658     [005] ..... 44559.278310: binder_wait_for_work: proc_work=0 transaction_stack=0 thread_todo=1
  HwBinder:604_2-658     [005] ..... 44559.278342: binder_wait_for_work: proc_work=1 transaction_stack=0 thread_todo=0
  HwBinder:604_2-658     [005] ..... 44559.278348: binder_wait_for_work: proc_work=1 transaction_stack=0 thread_todo=0
  surfaceflinger-600     [005] ..... 44559.278378: binder_transaction_received: transaction=3962733
   binder:2275_3-2399    [005] ..... 44559.292534: binder_transaction_received: transaction=3962736
   binder:2275_3-2399    [005] ..... 44559.292788: binder_wait_for_work: proc_work=1 transaction_stack=0 thread_todo=0
##### CPU 4 buffer started ####
  HwBinder:604_2-658     [004] ..... 44559.328144: binder_wait_for_work: proc_work=1 transaction_stack=0 thread_todo=0
  HwBinder:604_2-658     [004] ..... 44559.328150: binder_wait_for_work: proc_work=1 transaction_stack=0 thread_todo=0
  surfaceflinger-600     [004] ..... 44559.328178: binder_transaction_received: transaction=3962749
  binder:25132_3-25144   [004] ..... 44559.328833: binder_transaction_received: transaction=3962750
  binder:25132_3-25144   [004] ..... 44559.329128: binder_wait_for_work: proc_work=1 transaction_stack=0 thread_todo=0
    RenderThread-25167   [004] ..... 44559.333455: binder_transaction: transaction=3962751 dest_node=532 dest_proc=600 dest_thread=0 reply=0 flags=0x11 code=0x8
    RenderThread-25167   [004] ..... 44559.333515: binder_wait_for_work: proc_work=0 transaction_stack=0 thread_todo=1
  binder:25132_3-25144   [004] ..... 44559.347859: binder_transaction_received: transaction=3962755
  binder:25132_3-25144   [004] ..... 44559.348256: binder_wait_for_work: proc_work=1 transaction_stack=0 thread_todo=0
    RenderThread-25167   [004] ..... 44559.369655: binder_transaction: transaction=3962761 dest_node=532 dest_proc=600 dest_thread=0 reply=0 flags=0x11 code=0x8
    RenderThread-25167   [004] ..... 44559.369826: binder_wait_for_work: proc_work=0 transaction_stack=0 thread_todo=1
    RenderThread-25167   [004] ..... 44559.386135: binder_transaction: transaction=3962766 dest_node=532 dest_proc=600 dest_thread=0 reply=0 flags=0x11 code=0x8
    RenderThread-25167   [004] ..... 44559.386239: binder_wait_for_work: proc_work=0 transaction_stack=0 thread_todo=1
 .android.chrome-25132   [005] ..... 44559.393628: binder_transaction: transaction=3962768 dest_node=3930430 dest_proc=600 dest_thread=0 reply=0 flags=0x11 code=0x3
 .android.chrome-25132   [005] ..... 44559.393703: binder_wait_for_work: proc_work=0 transaction_stack=0 thread_todo=1
    RenderThread-25167   [004] ..... 44559.467885: binder_transaction: transaction=3962792 dest_node=532 dest_proc=600 dest_thread=0 reply=0 flags=0x11 code=0x8
    RenderThread-25167   [004] ..... 44559.468014: binder_wait_for_work: proc_work=0 transaction_stack=0 thread_todo=1
 .android.chrome-25132   [005] ..... 44559.493769: binder_transaction: transaction=3962799 dest_node=3930430 dest_proc=600 dest_thread=0 reply=0 flags=0x11 code=0x3
 .android.chrome-25132   [005] ..... 44559.493839: binder_wait_for_work: proc_work=0 transaction_stack=0 thread_todo=1
 .android.chrome-25132   [007] ..... 44559.527499: binder_transaction: transaction=3962810 dest_node=3930430 dest_proc=600 dest_thread=0 reply=0 flags=0x11 code=0x3
 .android.chrome-25132   [007] ..... 44559.527568: binder_wait_for_work: proc_work=0 transaction_stack=0 thread_todo=1
  binder:25132_3-25144   [005] ..... 44559.547426: binder_transaction_received: transaction=3962817
  binder:25132_3-25144   [005] ..... 44559.547773: binder_wait_for_work: proc_work=1 transaction_stack=0 thread_todo=0
 .android.chrome-25132   [007] ..... 44559.594297: binder_transaction: transaction=3962830 dest_node=3930430 dest_proc=600 dest_thread=0 reply=0 flags=0x11 code=0x3
 .android.chrome-25132   [007] ..... 44559.594364: binder_wait_for_work: proc_work=0 transaction_stack=0 thread_todo=1
 .android.chrome-25132   [004] ..... 44559.661218: binder_transaction: transaction=3962850 dest_node=3930430 dest_proc=600 dest_thread=0 reply=0 flags=0x11 code=0x3
 .android.chrome-25132   [004] ..... 44559.661294: binder_wait_for_work: proc_work=0 transaction_stack=0 thread_todo=1
 .android.chrome-25132   [004] ..... 44559.795265: binder_transaction: transaction=3962893 dest_node=3930430 dest_proc=600 dest_thread=0 reply=0 flags=0x11 code=0x3
 .android.chrome-25132   [004] ..... 44559.795338: binder_wait_for_work: proc_work=0 transaction_stack=0 thread_todo=1
    binder:600_1-646     [004] ..... 44559.861844: binder_transaction_received: transaction=3962914
    binder:600_1-646     [004] ..... 44559.861895: binder_wait_for_work: proc_work=1 transaction_stack=0 thread_todo=0
    binder:600_1-646     [004] ..... 44560.145778: binder_transaction_received: transaction=3963002
    binder:600_1-646     [004] ..... 44560.145829: binder_wait_for_work: proc_work=1 transaction_stack=0 thread_todo=0
 WifiHandlerThre-1881    [005] ..... 44560.232109: binder_transaction: transaction=3963031 dest_node=35420 dest_proc=994 dest_thread=0 reply=0 flags=0x10 code=0xc
 WifiHandlerThre-1881    [005] ..... 44560.232226: binder_wait_for_work: proc_work=0 transaction_stack=1 thread_todo=1
    binder:994_3-3054    [007] ..... 44560.232840: binder_transaction_received: transaction=3963031
 .android.chrome-25132   [004] ..... 44560.296059: binder_transaction: transaction=3963059 dest_node=3930430 dest_proc=600 dest_thread=0 reply=0 flags=0x11 code=0x3
 .android.chrome-25132   [004] ..... 44560.296107: binder_wait_for_work: proc_work=0 transaction_stack=0 thread_todo=1
 .android.chrome-25132   [004] ..... 44560.329333: binder_transaction: transaction=3963078 dest_node=3930430 dest_proc=600 dest_thread=0 reply=0 flags=0x11 code=0x3
 .android.chrome-25132   [004] ..... 44560.329402: binder_wait_for_work: proc_work=0 transaction_stack=0 thread_todo=1
    binder:600_1-646     [007] ..... 44560.329495: binder_transaction_received: transaction=3963078
    binder:600_1-646     [007] ..... 44560.329550: binder_wait_for_work: proc_work=1 transaction_stack=0 thread_todo=0
    binder:994_3-3054    [006] ..... 44560.332401: binder_transaction: transaction=3963081 dest_node=0 dest_proc=1216 dest_thread=1881 reply=1 flags=0x0 code=0x0
    binder:994_3-3054    [006] ..... 44560.332454: binder_wait_for_work: proc_work=0 transaction_stack=0 thread_todo=1
    binder:994_3-3054    [006] ..... 44560.332472: binder_wait_for_work: proc_work=1 transaction_stack=0 thread_todo=0
 WifiHandlerThre-1881    [005] ..... 44560.332969: binder_transaction_received: transaction=3963081
 WifiHandlerThre-1881    [005] ..... 44560.333731: binder_transaction: transaction=3963083 dest_node=35420 dest_proc=994 dest_thread=0 reply=0 flags=0x10 code=0x1c
 WifiHandlerThre-1881    [005] ..... 44560.333788: binder_wait_for_work: proc_work=0 transaction_stack=1 thread_todo=1
    binder:994_3-3054    [006] ..... 44560.333797: binder_transaction_received: transaction=3963083
    binder:994_3-3054    [006] ..... 44560.334013: binder_transaction: transaction=3963084 dest_node=0 dest_proc=1216 dest_thread=1881 reply=1 flags=0x0 code=0x0
    binder:994_3-3054    [006] ..... 44560.334041: binder_wait_for_work: proc_work=0 transaction_stack=0 thread_todo=1
    binder:994_3-3054    [006] ..... 44560.334052: binder_wait_for_work: proc_work=1 transaction_stack=0 thread_todo=0
 WifiHandlerThre-1881    [004] ..... 44560.334310: binder_transaction_received: transaction=3963084
 WifiHandlerThre-1881    [004] ..... 44560.334991: binder_transaction: transaction=3963085 dest_node=39400 dest_proc=2946 dest_thread=0 reply=0 flags=0x10 code=0x3e
  wpa_supplicant-2946    [004] ..... 44560.335219: binder_wait_for_work: proc_work=1 transaction_stack=0 thread_todo=0
  wpa_supplicant-2946    [004] ..... 44560.335229: binder_transaction_received: transaction=3963085
 WifiHandlerThre-1881    [004] ..... 44560.335482: binder_wait_for_work: proc_work=0 transaction_stack=1 thread_todo=1
 .android.chrome-25132   [004] ..... 44560.345669: binder_transaction: transaction=3963087 dest_node=3930430 dest_proc=600 dest_thread=0 reply=0 flags=0x11 code=0x3
 .android.chrome-25132   [004] ..... 44560.345710: binder_wait_for_work: proc_work=0 transaction_stack=0 thread_todo=1
    binder:600_1-646     [006] ..... 44560.345727: binder_transaction_received: transaction=3963087
    binder:600_1-646     [006] ..... 44560.345773: binder_wait_for_work: proc_work=1 transaction_stack=0 thread_todo=0
  BckgrndExec HP-705     [005] ..... 44560.349762: binder_transaction: transaction=3963090 dest_node=3930845 dest_proc=25132 dest_thread=0 reply=0 flags=0x11 code=0x1
  BckgrndExec HP-705     [005] ..... 44560.349832: binder_wait_for_work: proc_work=0 transaction_stack=0 thread_todo=1
    RenderThread-25167   [004] ..... 44560.354532: binder_transaction: transaction=3963091 dest_node=532 dest_proc=600 dest_thread=0 reply=0 flags=0x11 code=0x8
    RenderThread-25167   [004] ..... 44560.354592: binder_wait_for_work: proc_work=0 transaction_stack=0 thread_todo=1
  wpa_supplicant-2946    [007] ..... 44560.356921: binder_transaction: transaction=3963092 dest_node=0 dest_proc=1216 dest_thread=1881 reply=1 flags=0x0 code=0x0
  wpa_supplicant-2946    [007] ..... 44560.356974: binder_wait_for_work: proc_work=0 transaction_stack=0 thread_todo=1
 WifiHandlerThre-1881    [004] ..... 44560.356990: binder_transaction_received: transaction=3963092
 WifiHandlerThre-1881    [004] ..... 44560.358572: binder_transaction: transaction=3963093 dest_node=185561 dest_proc=4435 dest_thread=0 reply=0 flags=0x11 code=0x1
 WifiHandlerThre-1881    [004] ..... 44560.358641: binder_wait_for_work: proc_work=0 transaction_stack=0 thread_todo=1
 WifiHandlerThre-1881    [004] ..... 44560.359479: binder_transaction: transaction=3963094 dest_node=20411 dest_proc=2010 dest_thread=0 reply=0 flags=0x11 code=0x1
 WifiHandlerThre-1881    [004] ..... 44560.359539: binder_wait_for_work: proc_work=0 transaction_stack=0 thread_todo=1
 .android.chrome-25132   [004] ..... 44560.362735: binder_transaction: transaction=3963097 dest_node=3930430 dest_proc=600 dest_thread=0 reply=0 flags=0x11 code=0x3
 .android.chrome-25132   [004] ..... 44560.362829: binder_wait_for_work: proc_work=0 transaction_stack=0 thread_todo=1
    RenderThread-25167   [004] ..... 44560.371279: binder_transaction: transaction=3963101 dest_node=532 dest_proc=600 dest_thread=0 reply=0 flags=0x11 code=0x8
    RenderThread-25167   [004] ..... 44560.371384: binder_wait_for_work: proc_work=0 transaction_stack=0 thread_todo=1
 .android.chrome-25132   [004] ..... 44560.379294: binder_transaction: transaction=3963102 dest_node=3930430 dest_proc=600 dest_thread=0 reply=0 flags=0x11 code=0x3
 .android.chrome-25132   [004] ..... 44560.379363: binder_wait_for_work: proc_work=0 transaction_stack=0 thread_todo=1
    RenderThread-25167   [004] ..... 44560.387941: binder_transaction: transaction=3963106 dest_node=532 dest_proc=600 dest_thread=0 reply=0 flags=0x11 code=0x8
    RenderThread-25167   [004] ..... 44560.388042: binder_wait_for_work: proc_work=0 transaction_stack=0 thread_todo=1
 .android.chrome-25132   [007] ..... 44560.396814: binder_transaction: transaction=3963108 dest_node=3930430 dest_proc=600 dest_thread=0 reply=0 flags=0x11 code=0x3
 .android.chrome-25132   [007] ..... 44560.396888: binder_wait_for_work: proc_work=0 transaction_stack=0 thread_todo=1
   binder:2275_3-2399    [004] ..... 44560.397629: binder_transaction_received: transaction=3963109
   binder:2275_3-2399    [004] ..... 44560.398553: binder_wait_for_work: proc_work=1 transaction_stack=0 thread_todo=0
  surfaceflinger-600     [004] ..... 44560.413171: binder_transaction: transaction=3963113 dest_node=449 dest_proc=604 dest_thread=0 reply=0 flags=0x10 code=0x23
  surfaceflinger-600     [004] ..... 44560.413283: binder_wait_for_work: proc_work=0 transaction_stack=1 thread_todo=1
  surfaceflinger-600     [004] ..... 44560.413299: binder_wait_for_work: proc_work=0 transaction_stack=1 thread_todo=0
  HwBinder:604_2-658     [004] ..... 44560.413339: binder_transaction_received: transaction=3963113
  HwBinder:604_2-658     [004] ..... 44560.414114: binder_transaction: transaction=3963115 dest_node=0 dest_proc=600 dest_thread=600 reply=1 flags=0x0 code=0x0
  HwBinder:604_2-658     [004] ..... 44560.414159: binder_wait_for_work: proc_work=0 transaction_stack=0 thread_todo=1
  HwBinder:604_2-658     [004] ..... 44560.414195: binder_wait_for_work: proc_work=1 transaction_stack=0 thread_todo=0
  HwBinder:604_2-658     [004] ..... 44560.414202: binder_wait_for_work: proc_work=1 transaction_stack=0 thread_todo=0
  surfaceflinger-600     [004] ..... 44560.414231: binder_transaction_received: transaction=3963115
    binder:600_1-646     [005] ..... 44560.430132: binder_transaction_received: transaction=3963118
    binder:600_1-646     [005] ..... 44560.430184: binder_wait_for_work: proc_work=1 transaction_stack=0 thread_todo=0
    binder:600_1-646     [007] ..... 44560.480340: binder_transaction_received: transaction=3963133
    binder:600_1-646     [007] ..... 44560.480395: binder_wait_for_work: proc_work=1 transaction_stack=0 thread_todo=0
 .android.chrome-25132   [004] ..... 44560.496965: binder_transaction: transaction=3963138 dest_node=3930430 dest_proc=600 dest_thread=0 reply=0 flags=0x11 code=0x3
 .android.chrome-25132   [004] ..... 44560.497133: binder_wait_for_work: proc_work=0 transaction_stack=0 thread_todo=1
   binder:2275_3-2399    [005] ..... 44560.497660: binder_transaction_received: transaction=3963139
   binder:2275_3-2399    [005] ..... 44560.497842: binder_wait_for_work: proc_work=1 transaction_stack=0 thread_todo=0
    binder:600_1-646     [004] ..... 44560.580542: binder_transaction_received: transaction=3963164
    binder:600_1-646     [004] ..... 44560.580592: binder_wait_for_work: proc_work=1 transaction_stack=0 thread_todo=0
 .android.chrome-25132   [004] ..... 44560.597346: binder_transaction: transaction=3963170 dest_node=3930430 dest_proc=600 dest_thread=0 reply=0 flags=0x11 code=0x3
 .android.chrome-25132   [004] ..... 44560.597421: binder_wait_for_work: proc_work=0 transaction_stack=0 thread_todo=1
    binder:600_1-646     [005] ..... 44560.597752: binder_transaction_received: transaction=3963170
    binder:600_1-646     [005] ..... 44560.597804: binder_wait_for_work: proc_work=1 transaction_stack=0 thread_todo=0
 .android.chrome-25132   [007] ..... 44560.615218: binder_transaction: transaction=3963176 dest_node=3930430 dest_proc=600 dest_thread=0 reply=0 flags=0x11 code=0x3
 .android.chrome-25132   [007] ..... 44560.615288: binder_wait_for_work: proc_work=0 transaction_stack=0 thread_todo=1
 .android.chrome-25132   [004] ..... 44560.631656: binder_transaction: transaction=3963180 dest_node=3930430 dest_proc=600 dest_thread=0 reply=0 flags=0x11 code=0x3
 .android.chrome-25132   [004] ..... 44560.631731: binder_wait_for_work: proc_work=0 transaction_stack=0 thread_todo=1
   binder:2275_3-2399    [004] ..... 44560.698847: binder_transaction_received: transaction=3963201
   binder:2275_3-2399    [004] ..... 44560.699040: binder_wait_for_work: proc_work=1 transaction_stack=0 thread_todo=0
    RenderThread-25167   [004] ..... 44560.737475: binder_transaction: transaction=3963215 dest_node=532 dest_proc=600 dest_thread=0 reply=0 flags=0x11 code=0x8
    RenderThread-25167   [004] ..... 44560.737574: binder_wait_for_work: proc_work=0 transaction_stack=0 thread_todo=1
 .android.chrome-25132   [004] ..... 44560.763769: binder_transaction: transaction=3963227 dest_node=3930430 dest_proc=600 dest_thread=0 reply=0 flags=0x11 code=0x3
 .android.chrome-25132   [004] ..... 44560.763859: binder_wait_for_work: proc_work=0 transaction_stack=0 thread_todo=1
    binder:600_1-646     [005] ..... 44560.764182: binder_transaction_received: transaction=3963227
    binder:600_1-646     [005] ..... 44560.764230: binder_wait_for_work: proc_work=1 transaction_stack=0 thread_todo=0
 .android.chrome-25132   [005] ..... 44560.781484: binder_transaction: transaction=3963234 dest_node=3930430 dest_proc=600 dest_thread=0 reply=0 flags=0x11 code=0x3
 .android.chrome-25132   [005] ..... 44560.781561: binder_wait_for_work: proc_work=0 transaction_stack=0 thread_todo=1
 .android.chrome-25132   [006] ..... 44560.798134: binder_transaction: transaction=3963239 dest_node=3930430 dest_proc=600 dest_thread=0 reply=0 flags=0x11 code=0x3
 .android.chrome-25132   [006] ..... 44560.798206: binder_wait_for_work: proc_work=0 transaction_stack=0 thread_todo=1
    RenderThread-25167   [004] ..... 44560.805674: binder_transaction: transaction=3963246 dest_node=532 dest_proc=600 dest_thread=0 reply=0 flags=0x11 code=0x8
    RenderThread-25167   [004] ..... 44560.805833: binder_wait_for_work: proc_work=0 transaction_stack=0 thread_todo=1
    RenderThread-25167   [004] ..... 44560.840698: binder_transaction: transaction=3963262 dest_node=532 dest_proc=600 dest_thread=0 reply=0 flags=0x11 code=0x8
    RenderThread-25167   [004] ..... 44560.840806: binder_wait_for_work: proc_work=0 transaction_stack=0 thread_todo=1
    binder:600_1-646     [004] ..... 44560.847510: binder_transaction_received: transaction=3963263
    binder:600_1-646     [004] ..... 44560.847560: binder_wait_for_work: proc_work=1 transaction_stack=0 thread_todo=0
  binder:25132_3-25144   [004] ..... 44560.851284: binder_transaction_received: transaction=3963266
  binder:25132_3-25144   [004] ..... 44560.851632: binder_wait_for_work: proc_work=1 transaction_stack=0 thread_todo=0
 .android.chrome-25132   [005] ..... 44560.898062: binder_transaction: transaction=3963279 dest_node=3930430 dest_proc=600 dest_thread=0 reply=0 flags=0x11 code=0x3
 .android.chrome-25132   [005] ..... 44560.898136: binder_wait_for_work: proc_work=0 transaction_stack=0 thread_todo=1
##### CPU 3 buffer started ####
  HwBinder:604_2-658     [003] ..... 44560.966448: binder_transaction: transaction=3963301 dest_node=0 dest_proc=600 dest_thread=600 reply=1 flags=0x0 code=0x0
  HwBinder:604_2-658     [003] ..... 44560.966589: binder_wait_for_work: proc_work=0 transaction_stack=0 thread_todo=1
  HwBinder:604_2-658     [003] ..... 44560.966653: binder_wait_for_work: proc_work=1 transaction_stack=0 thread_todo=0
  HwBinder:604_2-658     [003] ..... 44560.966668: binder_wait_for_work: proc_work=1 transaction_stack=0 thread_todo=0
  surfaceflinger-600     [003] ..... 44560.966736: binder_transaction_received: transaction=3963301
    binder:600_1-646     [004] ..... 44560.982389: binder_transaction_received: transaction=3963304
    binder:600_1-646     [004] ..... 44560.982440: binder_wait_for_work: proc_work=1 transaction_stack=0 thread_todo=0
  BckgrndExec HP-705     [003] ..... 44560.984605: binder_transaction: transaction=3963307 dest_node=3930845 dest_proc=25132 dest_thread=0 reply=0 flags=0x11 code=0x1
  BckgrndExec HP-705     [003] ..... 44560.984733: binder_wait_for_work: proc_work=0 transaction_stack=0 thread_todo=1
    binder:600_1-646     [003] ..... 44560.990905: binder_transaction_received: transaction=3963308
    binder:600_1-646     [003] ..... 44560.991140: binder_wait_for_work: proc_work=1 transaction_stack=0 thread_todo=0
    binder:600_1-646     [003] ..... 44560.998032: binder_transaction_received: transaction=3963309
    binder:600_1-646     [003] ..... 44560.998080: binder_wait_for_work: proc_work=1 transaction_stack=0 thread_todo=0
  binder:25132_3-25144   [003] ..... 44561.001251: binder_transaction_received: transaction=3963312
  binder:25132_3-25144   [003] ..... 44561.001597: binder_wait_for_work: proc_work=1 transaction_stack=0 thread_todo=0
   binder:2275_3-2399    [003] ..... 44561.005364: binder_transaction_received: transaction=3963313
    binder:600_1-646     [003] ..... 44561.005854: binder_transaction_received: transaction=3963314
    binder:600_1-646     [003] ..... 44561.006050: binder_wait_for_work: proc_work=1 transaction_stack=0 thread_todo=0
   binder:2275_3-2399    [003] ..... 44561.006353: binder_wait_for_work: proc_work=1 transaction_stack=0 thread_todo=0
  surfaceflinger-600     [003] ..... 44561.015622: binder_transaction: transaction=3963316 dest_node=449 dest_proc=604 dest_thread=0 reply=0 flags=0x10 code=0x23
  surfaceflinger-600     [003] ..... 44561.015723: binder_wait_for_work: proc_work=0 transaction_stack=1 thread_todo=1
  surfaceflinger-600     [003] ..... 44561.015748: binder_wait_for_work: proc_work=0 transaction_stack=1 thread_todo=0
  HwBinder:604_2-658     [003] ..... 44561.015797: binder_transaction_received: transaction=3963316
  HwBinder:604_2-658     [003] ..... 44561.017219: binder_transaction: transaction=3963317 dest_node=0 dest_proc=600 dest_thread=600 reply=1 flags=0x0 code=0x0
  HwBinder:604_2-658     [003] ..... 44561.017480: binder_wait_for_work: proc_work=0 transaction_stack=0 thread_todo=1
  HwBinder:604_2-658     [003] ..... 44561.017551: binder_wait_for_work: proc_work=1 transaction_stack=0 thread_todo=0
  HwBinder:604_2-658     [003] ..... 44561.017565: binder_wait_for_work: proc_work=1 transaction_stack=0 thread_todo=0
  surfaceflinger-600     [003] ..... 44561.017735: binder_transaction_received: transaction=3963317
  binder:25132_3-25144   [004] ..... 44561.019291: binder_transaction_received: transaction=3963318
  surfaceflinger-600     [003] ..... 44561.032548: binder_transaction: transaction=3963321 dest_node=449 dest_proc=604 dest_thread=0 reply=0 flags=0x10 code=0x23
  surfaceflinger-600     [003] ..... 44561.032627: binder_wait_for_work: proc_work=0 transaction_stack=1 thread_todo=1
  surfaceflinger-600     [003] ..... 44561.032651: binder_wait_for_work: proc_work=0 transaction_stack=1 thread_todo=0
  HwBinder:604_2-658     [003] ..... 44561.032801: binder_transaction_received: transaction=3963321
  HwBinder:604_2-658     [003] ..... 44561.034055: binder_transaction: transaction=3963322 dest_node=0 dest_proc=600 dest_thread=600 reply=1 flags=0x0 code=0x0
  HwBinder:604_2-658     [003] ..... 44561.034159: binder_wait_for_work: proc_work=0 transaction_stack=0 thread_todo=1
  HwBinder:604_2-658     [003] ..... 44561.034241: binder_wait_for_work: proc_work=1 transaction_stack=0 thread_todo=0
  HwBinder:604_2-658     [003] ..... 44561.034255: binder_wait_for_work: proc_work=1 transaction_stack=0 thread_todo=0
  surfaceflinger-600     [003] ..... 44561.034309: binder_transaction_received: transaction=3963322
    RenderThread-25167   [005] ..... 44561.040748: binder_transaction: transaction=3963324 dest_node=532 dest_proc=600 dest_thread=0 reply=0 flags=0x11 code=0x8
    RenderThread-25167   [005] ..... 44561.040857: binder_wait_for_work: proc_work=0 transaction_stack=0 thread_todo=1
 .android.chrome-25132   [003] ..... 44561.048252: binder_transaction: transaction=3963325 dest_node=3930430 dest_proc=600 dest_thread=0 reply=0 flags=0x11 code=0x3
 .android.chrome-25132   [003] ..... 44561.048342: binder_wait_for_work: proc_work=0 transaction_stack=0 thread_todo=1
    RenderThread-25167   [005] ..... 44561.056234: binder_transaction: transaction=3963329 dest_node=532 dest_proc=600 dest_thread=0 reply=0 flags=0x11 code=0x8
    RenderThread-25167   [005] ..... 44561.056339: binder_wait_for_work: proc_work=0 transaction_stack=0 thread_todo=1
 .android.chrome-25132   [005] ..... 44561.064774: binder_transaction: transaction=3963330 dest_node=3930430 dest_proc=600 dest_thread=0 reply=0 flags=0x11 code=0x3
 .android.chrome-25132   [005] ..... 44561.064849: binder_wait_for_work: proc_work=0 transaction_stack=0 thread_todo=1
  surfaceflinger-600     [003] ..... 44561.083094: binder_transaction: transaction=3963336 dest_node=449 dest_proc=604 dest_thread=0 reply=0 flags=0x10 code=0x23
  surfaceflinger-600     [003] ..... 44561.083294: binder_wait_for_work: proc_work=0 transaction_stack=1 thread_todo=1
  surfaceflinger-600     [003] ..... 44561.083316: binder_wait_for_work: proc_work=0 transaction_stack=1 thread_todo=0
  HwBinder:604_2-658     [003] ..... 44561.083370: binder_transaction_received: transaction=3963336
  HwBinder:604_2-658     [003] ..... 44561.084515: binder_transaction: transaction=3963337 dest_node=0 dest_proc=600 dest_thread=600 reply=1 flags=0x0 code=0x0
  HwBinder:604_2-658     [003] ..... 44561.084617: binder_wait_for_work: proc_work=0 transaction_stack=0 thread_todo=1
  HwBinder:604_2-658     [003] ..... 44561.084699: binder_wait_for_work: proc_work=1 transaction_stack=0 thread_todo=0
  HwBinder:604_2-658     [003] ..... 44561.084714: binder_wait_for_work: proc_work=1 transaction_stack=0 thread_todo=0
  surfaceflinger-600     [003] ..... 44561.084768: binder_transaction_received: transaction=3963337
  decon0_kthread-292     [003] ..... 44561.099760: dma_fence_wait_start: driver=mali timeline=mali.timeline context=318499 seqno=10
  decon0_kthread-292     [003] ..... 44561.099764: dma_fence_wait_end: driver=mali timeline=mali.timeline context=318499 seqno=10
  decon0_kthread-292     [003] ..... 44561.099767: dma_fence_wait_start: driver=mali timeline=mali.timeline context=316926 seqno=2312
  decon0_kthread-292     [003] ..... 44561.099769: dma_fence_wait_end: driver=mali timeline=mali.timeline context=316926 seqno=2312
  decon0_kthread-292     [003] ..... 44561.099771: dma_fence_wait_start: driver=mali timeline=mali.timeline context=7 seqno=294755
  decon0_kthread-292     [003] ..... 44561.099773: dma_fence_wait_end: driver=mali timeline=mali.timeline context=7 seqno=294755
  binder:25132_3-25144   [003] ..... 44561.100946: binder_transaction_received: transaction=3963343
  binder:25132_3-25144   [003] ..... 44561.101345: binder_wait_for_work: proc_work=1 transaction_stack=0 thread_todo=0
   binder:2275_3-2399    [004] ..... 44561.107672: binder_transaction_received: transaction=3963345
   binder:2275_3-2399    [004] ..... 44561.107909: binder_wait_for_work: proc_work=1 transaction_stack=0 thread_todo=0
  surfaceflinger-600     [003] ..... 44561.115610: binder_transaction: transaction=3963347 dest_node=449 dest_proc=604 dest_thread=0 reply=0 flags=0x10 code=0x23
  surfaceflinger-600     [003] ..... 44561.115834: binder_wait_for_work: proc_work=0 transaction_stack=1 thread_todo=1
  surfaceflinger-600     [003] ..... 44561.115856: binder_wait_for_work: proc_work=0 transaction_stack=1 thread_todo=0
  HwBinder:604_2-658     [003] ..... 44561.115908: binder_transaction_received: transaction=3963347
  HwBinder:604_2-658     [003] ..... 44561.117201: binder_transaction: transaction=3963348 dest_node=0 dest_proc=600 dest_thread=600 reply=1 flags=0x0 code=0x0
  HwBinder:604_2-658     [003] ..... 44561.117302: binder_wait_for_work: proc_work=0 transaction_stack=0 thread_todo=1
  HwBinder:604_2-658     [003] ..... 44561.117391: binder_wait_for_work: proc_work=1 transaction_stack=0 thread_todo=0
  HwBinder:604_2-658     [003] ..... 44561.117406: binder_wait_for_work: proc_work=1 transaction_stack=0 thread_todo=0
  surfaceflinger-600     [003] ..... 44561.117457: binder_transaction_received: transaction=3963348
  surfaceflinger-600     [003] ..... 44561.132540: binder_transaction: transaction=3963352 dest_node=449 dest_proc=604 dest_thread=0 reply=0 flags=0x10 code=0x23
  surfaceflinger-600     [003] ..... 44561.132619: binder_wait_for_work: proc_work=0 transaction_stack=1 thread_todo=1
  surfaceflinger-600     [003] ..... 44561.132643: binder_wait_for_work: proc_work=0 transaction_stack=1 thread_todo=0
  HwBinder:604_2-658     [003] ..... 44561.132693: binder_transaction_received: transaction=3963352
  HwBinder:604_2-658     [003] ..... 44561.133963: binder_transaction: transaction=3963353 dest_node=0 dest_proc=600 dest_thread=600 reply=1 flags=0x0 code=0x0
  HwBinder:604_2-658     [003] ..... 44561.134070: binder_wait_for_work: proc_work=0 transaction_stack=0 thread_todo=1
  HwBinder:604_2-658     [003] ..... 44561.134155: binder_wait_for_work: proc_work=1 transaction_stack=0 thread_todo=0
  HwBinder:604_2-658     [003] ..... 44561.134169: binder_wait_for_work: proc_work=1 transaction_stack=0 thread_todo=0
  surfaceflinger-600     [003] ..... 44561.134224: binder_transaction_received: transaction=3963353
    RenderThread-25167   [005] ..... 44561.140313: binder_transaction: transaction=3963355 dest_node=532 dest_proc=600 dest_thread=0 reply=0 flags=0x11 code=0x8
    RenderThread-25167   [005] ..... 44561.140431: binder_wait_for_work: proc_work=0 transaction_stack=0 thread_todo=1
    binder:600_1-646     [003] ..... 44561.149839: binder_transaction_received: transaction=3963356
    binder:600_1-646     [003] ..... 44561.149933: binder_wait_for_work: proc_work=1 transaction_stack=0 thread_todo=0
##### CPU 0 buffer started ####
  BckgrndExec HP-705     [000] ..... 44561.154181: binder_transaction: transaction=3963359 dest_node=3930845 dest_proc=25132 dest_thread=0 reply=0 flags=0x11 code=0x1
  BckgrndExec HP-705     [000] ..... 44561.154321: binder_wait_for_work: proc_work=0 transaction_stack=0 thread_todo=1
  binder:25132_3-25144   [003] ..... 44561.154430: binder_transaction_received: transaction=3963359
  binder:25132_3-25144   [003] ..... 44561.155026: binder_wait_for_work: proc_work=1 transaction_stack=0 thread_todo=0
    RenderThread-25167   [000] ..... 44561.159794: binder_transaction: transaction=3963360 dest_node=532 dest_proc=600 dest_thread=0 reply=0 flags=0x11 code=0x8
    RenderThread-25167   [000] ..... 44561.159903: binder_wait_for_work: proc_work=0 transaction_stack=0 thread_todo=1
    binder:600_1-646     [005] ..... 44561.165705: binder_transaction_received: transaction=3963361
    binder:600_1-646     [005] ..... 44561.165757: binder_wait_for_work: proc_work=1 transaction_stack=0 thread_todo=0
  surfaceflinger-600     [000] ..... 44561.166180: binder_transaction: transaction=3963362 dest_node=449 dest_proc=604 dest_thread=0 reply=0 flags=0x10 code=0x23
  surfaceflinger-600     [000] ..... 44561.166266: binder_wait_for_work: proc_work=0 transaction_stack=1 thread_todo=1
  surfaceflinger-600     [000] ..... 44561.166286: binder_wait_for_work: proc_work=0 transaction_stack=1 thread_todo=0
  HwBinder:604_2-658     [000] ..... 44561.166447: binder_transaction_received: transaction=3963362
  HwBinder:604_2-658     [000] ..... 44561.167535: binder_transaction: transaction=3963363 dest_node=0 dest_proc=600 dest_thread=600 reply=1 flags=0x0 code=0x0
  HwBinder:604_2-658     [000] ..... 44561.167659: binder_wait_for_work: proc_work=0 transaction_stack=0 thread_todo=1
  HwBinder:604_2-658     [000] ..... 44561.167742: binder_wait_for_work: proc_work=1 transaction_stack=0 thread_todo=0
  HwBinder:604_2-658     [000] ..... 44561.167756: binder_wait_for_work: proc_work=1 transaction_stack=0 thread_todo=0
  surfaceflinger-600     [000] ..... 44561.167826: binder_transaction_received: transaction=3963363
  BckgrndExec HP-705     [003] ..... 44561.168602: binder_transaction: transaction=3963364 dest_node=3930845 dest_proc=25132 dest_thread=0 reply=0 flags=0x11 code=0x1
  BckgrndExec HP-705     [003] ..... 44561.168739: binder_wait_for_work: proc_work=0 transaction_stack=0 thread_todo=1
