    RenderThread-25167   [000] ..... 44561.173205: binder_transaction: transaction=3963365 dest_node=532 dest_proc=600 dest_thread=0 reply=0 flags=0x11 code=0x8
    RenderThread-25167   [000] ..... 44561.173344: binder_wait_for_work: proc_work=0 transaction_stack=0 thread_todo=1
    binder:600_1-646     [003] ..... 44561.181828: binder_transaction_received: transaction=3963366
    binder:600_1-646     [003] ..... 44561.181876: binder_wait_for_work: proc_work=1 transaction_stack=0 thread_todo=0
  BckgrndExec HP-705     [000] ..... 44561.184296: binder_transaction: transaction=3963369 dest_node=3930845 dest_proc=25132 dest_thread=0 reply=0 flags=0x11 code=0x1
  BckgrndExec HP-705     [000] ..... 44561.184359: binder_wait_for_work: proc_work=0 transaction_stack=0 thread_todo=1
    RenderThread-25167   [000] ..... 44561.189279: binder_transaction: transaction=3963370 dest_node=532 dest_proc=600 dest_thread=0 reply=0 flags=0x11 code=0x8
    RenderThread-25167   [000] ..... 44561.189418: binder_wait_for_work: proc_work=0 transaction_stack=0 thread_todo=1
 .android.chrome-25132   [000] ..... 44561.198627: binder_transaction: transaction=3963371 dest_node=3930430 dest_proc=600 dest_thread=0 reply=0 flags=0x11 code=0x3
 .android.chrome-25132   [000] ..... 44561.198916: binder_wait_for_work: proc_work=0 transaction_stack=0 thread_todo=1
  surfaceflinger-600     [003] ..... 44561.198976: binder_transaction: transaction=3963372 dest_node=449 dest_proc=604 dest_thread=0 reply=0 flags=0x10 code=0x23
  surfaceflinger-600     [003] ..... 44561.199051: binder_wait_for_work: proc_work=0 transaction_stack=1 thread_todo=1
  surfaceflinger-600     [003] ..... 44561.199092: binder_wait_for_work: proc_work=0 transaction_stack=1 thread_todo=0
  HwBinder:604_2-658     [003] ..... 44561.199141: binder_transaction_received: transaction=3963372
##### CPU 2 buffer started ####
  decon0_kthread-292     [002] ..... 44561.200018: dma_fence_wait_end: driver=mali timeline=mali.timeline context=318499 seqno=10
  decon0_kthread-292     [002] ..... 44561.200020: dma_fence_wait_start: driver=mali timeline=mali.timeline context=316926 seqno=2318
  decon0_kthread-292     [002] ..... 44561.200023: dma_fence_wait_end: driver=mali timeline=mali.timeline context=316926 seqno=2318
  decon0_kthread-292     [002] ..... 44561.200025: dma_fence_wait_start: driver=mali timeline=mali.timeline context=7 seqno=294755
  decon0_kthread-292     [002] ..... 44561.200027: dma_fence_wait_end: driver=mali timeline=mali.timeline context=7 seqno=294755
  HwBinder:604_2-658     [003] ..... 44561.200115: binder_transaction: transaction=3963373 dest_node=0 dest_proc=600 dest_thread=600 reply=1 flags=0x0 code=0x0
  HwBinder:604_2-658     [003] ..... 44561.200196: binder_wait_for_work: proc_work=0 transaction_stack=0 thread_todo=1
  HwBinder:604_2-658     [003] ..... 44561.200258: binder_wait_for_work: proc_work=1 transaction_stack=0 thread_todo=0
  HwBinder:604_2-658     [003] ..... 44561.200270: binder_wait_for_work: proc_work=1 transaction_stack=0 thread_todo=0
  surfaceflinger-600     [003] ..... 44561.200314: binder_transaction_received: transaction=3963373
  binder:25132_3-25144   [003] ..... 44561.201140: binder_transaction_received: transaction=3963374
  binder:25132_3-25144   [003] ..... 44561.201462: binder_wait_for_work: proc_work=1 transaction_stack=0 thread_todo=0
    RenderThread-25167   [000] ..... 44561.205575: binder_transaction: transaction=3963375 dest_node=532 dest_proc=600 dest_thread=0 reply=0 flags=0x11 code=0x8
    RenderThread-25167   [000] ..... 44561.205825: binder_wait_for_work: proc_work=0 transaction_stack=0 thread_todo=1
    binder:600_1-646     [002] ..... 44561.205856: binder_transaction_received: transaction=3963375
    binder:600_1-646     [002] ..... 44561.206095: binder_wait_for_work: proc_work=1 transaction_stack=0 thread_todo=0
  RegionSampling-698     [003] ..... 44561.207038: binder_transaction: transaction=3963376 dest_node=3929675 dest_proc=2275 dest_thread=0 reply=0 flags=0x11 code=0x1
  RegionSampling-698     [003] ..... 44561.207146: binder_wait_for_work: proc_work=0 transaction_stack=0 thread_todo=1
   binder:2275_3-2399    [002] ..... 44561.207181: binder_transaction_received: transaction=3963376
   binder:2275_3-2399    [002] ..... 44561.207595: binder_wait_for_work: proc_work=1 transaction_stack=0 thread_todo=0
 .android.chrome-25132   [003] ..... 44561.215303: binder_transaction: transaction=3963377 dest_node=3930430 dest_proc=600 dest_thread=0 reply=0 flags=0x11 code=0x3
 .android.chrome-25132   [003] ..... 44561.215397: binder_wait_for_work: proc_work=0 transaction_stack=0 thread_todo=1
  surfaceflinger-600     [000] ..... 44561.216348: binder_transaction: transaction=3963378 dest_node=449 dest_proc=604 dest_thread=0 reply=0 flags=0x10 code=0x23
  surfaceflinger-600     [000] ..... 44561.216436: binder_wait_for_work: proc_work=0 transaction_stack=1 thread_todo=1
  surfaceflinger-600     [000] ..... 44561.216459: binder_wait_for_work: proc_work=0 transaction_stack=1 thread_todo=0
  HwBinder:604_2-658     [000] ..... 44561.216617: binder_transaction_received: transaction=3963378
  decon0_kthread-292     [002] ..... 44561.217814: dma_fence_wait_start: driver=mali timeline=mali.timeline context=318499 seqno=10
  decon0_kthread-292     [002] ..... 44561.217822: dma_fence_wait_end: driver=mali timeline=mali.timeline context=318499 seqno=10
  decon0_kthread-292     [002] ..... 44561.217825: dma_fence_wait_start: driver=mali timeline=mali.timeline context=316926 seqno=2319
  decon0_kthread-292     [002] ..... 44561.217828: dma_fence_wait_end: driver=mali timeline=mali.timeline context=316926 seqno=2319
  decon0_kthread-292     [002] ..... 44561.217831: dma_fence_wait_start: driver=mali timeline=mali.timeline context=7 seqno=294755
  decon0_kthread-292     [002] ..... 44561.217834: dma_fence_wait_end: driver=mali timeline=mali.timeline context=7 seqno=294755
  HwBinder:604_2-658     [000] ..... 44561.217953: binder_transaction: transaction=3963379 dest_node=0 dest_proc=600 dest_thread=600 reply=1 flags=0x0 code=0x0
  HwBinder:604_2-658     [000] ..... 44561.218082: binder_wait_for_work: proc_work=0 transaction_stack=0 thread_todo=1
  HwBinder:604_2-658     [000] ..... 44561.218166: binder_wait_for_work: proc_work=1 transaction_stack=0 thread_todo=0
  HwBinder:604_2-658     [000] ..... 44561.218181: binder_wait_for_work: proc_work=1 transaction_stack=0 thread_todo=0
  surfaceflinger-600     [000] ..... 44561.218363: binder_transaction_received: transaction=3963379
  binder:25132_3-25144   [005] ..... 44561.219827: binder_transaction_received: transaction=3963380
  binder:25132_3-25144   [005] ..... 44561.220188: binder_wait_for_work: proc_work=1 transaction_stack=0 thread_todo=0
    RenderThread-25167   [004] ..... 44561.224980: binder_transaction: transaction=3963381 dest_node=532 dest_proc=600 dest_thread=0 reply=0 flags=0x11 code=0x8
    RenderThread-25167   [004] ..... 44561.225219: binder_wait_for_work: proc_work=0 transaction_stack=0 thread_todo=1
 .android.chrome-25132   [003] ..... 44561.231777: binder_transaction: transaction=3963382 dest_node=3930430 dest_proc=600 dest_thread=0 reply=0 flags=0x11 code=0x3
 .android.chrome-25132   [003] ..... 44561.232008: binder_wait_for_work: proc_work=0 transaction_stack=0 thread_todo=1
    binder:600_1-646     [004] ..... 44561.232607: binder_transaction_received: transaction=3963382
    binder:600_1-646     [004] ..... 44561.232671: binder_wait_for_work: proc_work=1 transaction_stack=0 thread_todo=0
  surfaceflinger-600     [000] ..... 44561.233872: binder_transaction: transaction=3963383 dest_node=449 dest_proc=604 dest_thread=0 reply=0 flags=0x10 code=0x23
  surfaceflinger-600     [000] ..... 44561.234122: binder_wait_for_work: proc_work=0 transaction_stack=1 thread_todo=1
  surfaceflinger-600     [000] ..... 44561.234166: binder_wait_for_work: proc_work=0 transaction_stack=1 thread_todo=0
  HwBinder:604_2-658     [000] ..... 44561.234261: binder_transaction_received: transaction=3963383
  decon0_kthread-292     [002] ..... 44561.236058: dma_fence_wait_start: driver=mali timeline=mali.timeline context=318499 seqno=10
  decon0_kthread-292     [002] ..... 44561.236069: dma_fence_wait_end: driver=mali timeline=mali.timeline context=318499 seqno=10
  decon0_kthread-292     [002] ..... 44561.236075: dma_fence_wait_start: driver=mali timeline=mali.timeline context=316926 seqno=2320
  decon0_kthread-292     [002] ..... 44561.236081: dma_fence_wait_end: driver=mali timeline=mali.timeline context=316926 seqno=2320
  decon0_kthread-292     [002] ..... 44561.236086: dma_fence_wait_start: driver=mali timeline=mali.timeline context=7 seqno=294755
  decon0_kthread-292     [002] ..... 44561.236090: dma_fence_wait_end: driver=mali timeline=mali.timeline context=7 seqno=294755
  HwBinder:604_2-658     [000] ..... 44561.236231: binder_transaction: transaction=3963384 dest_node=0 dest_proc=600 dest_thread=600 reply=1 flags=0x0 code=0x0
  HwBinder:604_2-658     [000] ..... 44561.236572: binder_wait_for_work: proc_work=0 transaction_stack=0 thread_todo=1
  HwBinder:604_2-658     [000] ..... 44561.236699: binder_wait_for_work: proc_work=1 transaction_stack=0 thread_todo=0
  HwBinder:604_2-658     [000] ..... 44561.236726: binder_wait_for_work: proc_work=1 transaction_stack=0 thread_todo=0
  surfaceflinger-600     [000] ..... 44561.236837: binder_transaction_received: transaction=3963384
  BckgrndExec HP-705     [002] ..... 44561.238647: binder_transaction: transaction=3963385 dest_node=3930845 dest_proc=25132 dest_thread=0 reply=0 flags=0x11 code=0x1
  BckgrndExec HP-705     [002] ..... 44561.238892: binder_wait_for_work: proc_work=0 transaction_stack=0 thread_todo=1
  binder:25132_3-25144   [006] ..... 44561.239492: binder_transaction_received: transaction=3963385
  binder:25132_3-25144   [006] ..... 44561.239948: binder_wait_for_work: proc_work=1 transaction_stack=0 thread_todo=0
 android.hardwar-2550    [005] ..... 44561.244510: binder_transaction: transaction=3963386 dest_node=25524 dest_proc=2232 dest_thread=0 reply=0 flags=0x10 code=0x1
 android.hardwar-2550    [005] ..... 44561.244660: binder_wait_for_work: proc_work=0 transaction_stack=1 thread_todo=1
    RenderThread-25167   [004] ..... 44561.245804: binder_transaction: transaction=3963387 dest_node=532 dest_proc=600 dest_thread=0 reply=0 flags=0x11 code=0x8
    RenderThread-25167   [004] ..... 44561.245912: binder_wait_for_work: proc_work=0 transaction_stack=0 thread_todo=1
    binder:600_1-646     [000] ..... 44561.245949: binder_transaction_received: transaction=3963387
    binder:600_1-646     [000] ..... 44561.246223: binder_wait_for_work: proc_work=1 transaction_stack=0 thread_todo=0
   binder:2232_1-2306    [005] ..... 44561.246371: binder_wait_for_work: proc_work=0 transaction_stack=0 thread_todo=1
   binder:2232_1-2306    [005] ..... 44561.246410: binder_wait_for_work: proc_work=1 transaction_stack=0 thread_todo=0
    binder:600_1-646     [004] ..... 44561.248540: binder_transaction_received: transaction=3963391
    binder:600_1-646     [004] ..... 44561.248571: binder_wait_for_work: proc_work=1 transaction_stack=0 thread_todo=0
  surfaceflinger-600     [005] ..... 44561.248692: binder_transaction: transaction=3963392 dest_node=449 dest_proc=604 dest_thread=0 reply=0 flags=0x10 code=0x23
  surfaceflinger-600     [005] ..... 44561.248734: binder_wait_for_work: proc_work=0 transaction_stack=1 thread_todo=1
  surfaceflinger-600     [005] ..... 44561.248745: binder_wait_for_work: proc_work=0 transaction_stack=1 thread_todo=0
  HwBinder:604_2-658     [005] ..... 44561.248773: binder_transaction_received: transaction=3963392
  decon0_kthread-292     [000] ..... 44561.249451: dma_fence_wait_start: driver=mali timeline=mali.timeline context=318499 seqno=10
  decon0_kthread-292     [000] ..... 44561.249457: dma_fence_wait_end: driver=mali timeline=mali.timeline context=318499 seqno=10
  decon0_kthread-292     [000] ..... 44561.249459: dma_fence_wait_start: driver=mali timeline=mali.timeline context=316926 seqno=2321
  decon0_kthread-292     [000] ..... 44561.249462: dma_fence_wait_end: driver=mali timeline=mali.timeline context=316926 seqno=2321
  decon0_kthread-292     [000] ..... 44561.249464: dma_fence_wait_start: driver=mali timeline=mali.timeline context=7 seqno=294755
  decon0_kthread-292     [000] ..... 44561.249468: dma_fence_wait_end: driver=mali timeline=mali.timeline context=7 seqno=294755
  HwBinder:604_2-658     [005] ..... 44561.249553: binder_transaction: transaction=3963393 dest_node=0 dest_proc=600 dest_thread=600 reply=1 flags=0x0 code=0x0
  HwBinder:604_2-658     [005] ..... 44561.249609: binder_wait_for_work: proc_work=0 transaction_stack=0 thread_todo=1
  HwBinder:604_2-658     [005] ..... 44561.249644: binder_wait_for_work: proc_work=1 transaction_stack=0 thread_todo=0
  HwBinder:604_2-658     [005] ..... 44561.249650: binder_wait_for_work: proc_work=1 transaction_stack=0 thread_todo=0
  surfaceflinger-600     [005] ..... 44561.249676: binder_transaction_received: transaction=3963393
  BckgrndExec HP-705     [003] ..... 44561.250156: binder_transaction: transaction=3963394 dest_node=3930845 dest_proc=25132 dest_thread=0 reply=0 flags=0x11 code=0x1
  BckgrndExec HP-705     [003] ..... 44561.250231: binder_wait_for_work: proc_work=0 transaction_stack=0 thread_todo=1
  binder:25132_3-25144   [006] ..... 44561.250243: binder_transaction_received: transaction=3963394
  binder:25132_3-25144   [006] ..... 44561.250601: binder_wait_for_work: proc_work=1 transaction_stack=0 thread_todo=0
    RenderThread-25167   [004] ..... 44561.252770: binder_transaction: transaction=3963395 dest_node=532 dest_proc=600 dest_thread=0 reply=0 flags=0x11 code=0x8
    RenderThread-25167   [004] ..... 44561.252836: binder_wait_for_work: proc_work=0 transaction_stack=0 thread_todo=1
 .android.chrome-25132   [005] ..... 44561.265719: binder_transaction: transaction=3963398 dest_node=3930430 dest_proc=600 dest_thread=0 reply=0 flags=0x11 code=0x3
 .android.chrome-25132   [005] ..... 44561.265795: binder_wait_for_work: proc_work=0 transaction_stack=0 thread_todo=1
  surfaceflinger-600     [000] ..... 44561.267704: binder_transaction: transaction=3963399 dest_node=449 dest_proc=604 dest_thread=0 reply=0 flags=0x10 code=0x23
  surfaceflinger-600     [000] ..... 44561.267861: binder_wait_for_work: proc_work=0 transaction_stack=1 thread_todo=1
  surfaceflinger-600     [000] ..... 44561.267902: binder_wait_for_work: proc_work=0 transaction_stack=1 thread_todo=0
  HwBinder:604_2-658     [000] ..... 44561.268099: binder_transaction_received: transaction=3963399
 android.hardwar-2550    [005] ..... 44561.269494: binder_transaction: transaction=3963400 dest_node=25524 dest_proc=2232 dest_thread=0 reply=0 flags=0x10 code=0x1
 android.hardwar-2550    [005] ..... 44561.269607: binder_wait_for_work: proc_work=0 transaction_stack=1 thread_todo=1
   binder:2232_1-2306    [005] ..... 44561.269649: binder_transaction_received: transaction=3963400
   binder:2232_1-2306    [005] ..... 44561.269769: binder_transaction: transaction=3963401 dest_node=0 dest_proc=972 dest_thread=2550 reply=1 flags=0x0 code=0x0
   binder:2232_1-2306    [005] ..... 44561.269810: binder_wait_for_work: proc_work=0 transaction_stack=0 thread_todo=1
   binder:2232_1-2306    [005] ..... 44561.269827: binder_wait_for_work: proc_work=1 transaction_stack=0 thread_todo=0
 android.hardwar-2550    [005] ..... 44561.269871: binder_transaction_received: transaction=3963401
  decon0_kthread-292     [004] ..... 44561.269930: dma_fence_wait_start: driver=mali timeline=mali.timeline context=318499 seqno=10
  decon0_kthread-292     [004] ..... 44561.269935: dma_fence_wait_end: driver=mali timeline=mali.timeline context=318499 seqno=10
  decon0_kthread-292     [004] ..... 44561.269938: dma_fence_wait_start: driver=mali timeline=mali.timeline context=316926 seqno=2322
  decon0_kthread-292     [004] ..... 44561.269939: dma_fence_wait_end: driver=mali timeline=mali.timeline context=316926 seqno=2322
  decon0_kthread-292     [004] ..... 44561.269942: dma_fence_wait_start: driver=mali timeline=mali.timeline context=7 seqno=294755
  decon0_kthread-292     [004] ..... 44561.269944: dma_fence_wait_end: driver=mali timeline=mali.timeline context=7 seqno=294755
  HwBinder:604_2-658     [000] ..... 44561.270227: binder_transaction: transaction=3963402 dest_node=0 dest_proc=600 dest_thread=600 reply=1 flags=0x0 code=0x0
  HwBinder:604_2-658     [000] ..... 44561.270446: binder_wait_for_work: proc_work=0 transaction_stack=0 thread_todo=1
  HwBinder:604_2-658     [000] ..... 44561.270519: binder_wait_for_work: proc_work=1 transaction_stack=0 thread_todo=0
  HwBinder:604_2-658     [000] ..... 44561.270534: binder_wait_for_work: proc_work=1 transaction_stack=0 thread_todo=0
  surfaceflinger-600     [000] ..... 44561.270590: binder_transaction_received: transaction=3963402
  binder:25132_3-25144   [000] ..... 44561.271593: binder_transaction_received: transaction=3963403
  binder:25132_3-25144   [000] ..... 44561.272085: binder_wait_for_work: proc_work=1 transaction_stack=0 thread_todo=0
    RenderThread-25167   [004] ..... 44561.274249: binder_transaction: transaction=3963404 dest_node=532 dest_proc=600 dest_thread=0 reply=0 flags=0x11 code=0x8
    RenderThread-25167   [004] ..... 44561.274317: binder_wait_for_work: proc_work=0 transaction_stack=0 thread_todo=1
    binder:600_1-646     [004] ..... 44561.282128: binder_transaction_received: transaction=3963405
    binder:600_1-646     [004] ..... 44561.282182: binder_wait_for_work: proc_work=1 transaction_stack=0 thread_todo=0
  surfaceflinger-600     [000] ..... 44561.284121: binder_transaction: transaction=3963406 dest_node=449 dest_proc=604 dest_thread=0 reply=0 flags=0x10 code=0x23
  surfaceflinger-600     [000] ..... 44561.284297: binder_wait_for_work: proc_work=0 transaction_stack=1 thread_todo=1
  surfaceflinger-600     [000] ..... 44561.284337: binder_wait_for_work: proc_work=0 transaction_stack=1 thread_todo=0
  HwBinder:604_2-658     [000] ..... 44561.284428: binder_transaction_received: transaction=3963406
  HwBinder:604_2-658     [000] ..... 44561.286720: binder_transaction: transaction=3963407 dest_node=0 dest_proc=600 dest_thread=600 reply=1 flags=0x0 code=0x0
  HwBinder:604_2-658     [000] ..... 44561.286970: binder_wait_for_work: proc_work=0 transaction_stack=0 thread_todo=1
  HwBinder:604_2-658     [000] ..... 44561.287090: binder_wait_for_work: proc_work=1 transaction_stack=0 thread_todo=0
  HwBinder:604_2-658     [000] ..... 44561.287117: binder_wait_for_work: proc_work=1 transaction_stack=0 thread_todo=0
  surfaceflinger-600     [000] ..... 44561.287220: binder_transaction_received: transaction=3963407
  BckgrndExec HP-705     [002] ..... 44561.288550: binder_transaction: transaction=3963408 dest_node=3930845 dest_proc=25132 dest_thread=0 reply=0 flags=0x11 code=0x1
  BckgrndExec HP-705     [002] ..... 44561.288711: binder_wait_for_work: proc_work=0 transaction_stack=0 thread_todo=1
  binder:25132_3-25144   [000] ..... 44561.288781: binder_transaction_received: transaction=3963408
  binder:25132_3-25144   [000] ..... 44561.289742: binder_wait_for_work: proc_work=1 transaction_stack=0 thread_todo=0
    RenderThread-25167   [004] ..... 44561.292966: binder_transaction: transaction=3963409 dest_node=532 dest_proc=600 dest_thread=0 reply=0 flags=0x11 code=0x8
    RenderThread-25167   [004] ..... 44561.293140: binder_wait_for_work: proc_work=0 transaction_stack=0 thread_todo=1
    binder:600_1-646     [002] ..... 44561.293175: binder_transaction_received: transaction=3963409
    binder:600_1-646     [002] ..... 44561.293378: binder_wait_for_work: proc_work=1 transaction_stack=0 thread_todo=0
 .android.chrome-25132   [002] ..... 44561.298651: binder_transaction: transaction=3963410 dest_node=3930430 dest_proc=600 dest_thread=0 reply=0 flags=0x11 code=0x3
 .android.chrome-25132   [002] ..... 44561.298742: binder_wait_for_work: proc_work=0 transaction_stack=0 thread_todo=1
    binder:600_1-646     [004] ..... 44561.298760: binder_transaction_received: transaction=3963410
    binder:600_1-646     [004] ..... 44561.298812: binder_wait_for_work: proc_work=1 transaction_stack=0 thread_todo=0
 android.hardwar-2550    [005] ..... 44561.299916: binder_transaction: transaction=3963411 dest_node=25524 dest_proc=2232 dest_thread=0 reply=0 flags=0x10 code=0x1
 android.hardwar-2550    [005] ..... 44561.299969: binder_wait_for_work: proc_work=0 transaction_stack=1 thread_todo=1
   binder:2232_1-2306    [005] ..... 44561.300007: binder_transaction_received: transaction=3963411
  surfaceflinger-600     [000] ..... 44561.300101: binder_transaction: transaction=3963412 dest_node=449 dest_proc=604 dest_thread=0 reply=0 flags=0x10 code=0x23
  surfaceflinger-600     [000] ..... 44561.300205: binder_wait_for_work: proc_work=0 transaction_stack=1 thread_todo=1
  surfaceflinger-600     [000] ..... 44561.300228: binder_wait_for_work: proc_work=0 transaction_stack=1 thread_todo=0
   binder:2232_1-2306    [005] ..... 44561.300240: binder_transaction: transaction=3963413 dest_node=0 dest_proc=972 dest_thread=2550 reply=1 flags=0x0 code=0x0
  HwBinder:604_2-658     [000] ..... 44561.300278: binder_transaction_received: transaction=3963412
   binder:2232_1-2306    [005] ..... 44561.300280: binder_wait_for_work: proc_work=0 transaction_stack=0 thread_todo=1
   binder:2232_1-2306    [005] ..... 44561.300296: binder_wait_for_work: proc_work=1 transaction_stack=0 thread_todo=0
 android.hardwar-2550    [005] ..... 44561.300336: binder_transaction_received: transaction=3963413
  decon0_kthread-292     [002] ..... 44561.301395: dma_fence_wait_start: driver=mali timeline=mali.timeline context=318499 seqno=10
  decon0_kthread-292     [002] ..... 44561.301404: dma_fence_wait_end: driver=mali timeline=mali.timeline context=318499 seqno=10
  decon0_kthread-292     [002] ..... 44561.301407: dma_fence_wait_start: driver=mali timeline=mali.timeline context=316926 seqno=2324
  decon0_kthread-292     [002] ..... 44561.301409: dma_fence_wait_end: driver=mali timeline=mali.timeline context=316926 seqno=2324
  decon0_kthread-292     [002] ..... 44561.301412: dma_fence_wait_start: driver=mali timeline=mali.timeline context=7 seqno=294755
  decon0_kthread-292     [002] ..... 44561.301415: dma_fence_wait_end: driver=mali timeline=mali.timeline context=7 seqno=294755
  HwBinder:604_2-658     [000] ..... 44561.301544: binder_transaction: transaction=3963414 dest_node=0 dest_proc=600 dest_thread=600 reply=1 flags=0x0 code=0x0
  HwBinder:604_2-658     [000] ..... 44561.301700: binder_wait_for_work: proc_work=0 transaction_stack=0 thread_todo=1
  HwBinder:604_2-658     [000] ..... 44561.301771: binder_wait_for_work: proc_work=1 transaction_stack=0 thread_todo=0
  HwBinder:604_2-658     [000] ..... 44561.301785: binder_wait_for_work: proc_work=1 transaction_stack=0 thread_todo=0
  surfaceflinger-600     [000] ..... 44561.301968: binder_transaction_received: transaction=3963414
  binder:25132_3-25144   [003] ..... 44561.303209: binder_transaction_received: transaction=3963415
  binder:25132_3-25144   [003] ..... 44561.303647: binder_wait_for_work: proc_work=1 transaction_stack=0 thread_todo=0
    RenderThread-25167   [002] ..... 44561.306142: binder_transaction: transaction=3963416 dest_node=532 dest_proc=600 dest_thread=0 reply=0 flags=0x11 code=0x8
    RenderThread-25167   [002] ..... 44561.306229: binder_wait_for_work: proc_work=0 transaction_stack=0 thread_todo=1
    binder:600_1-646     [004] ..... 44561.306244: binder_transaction_received: transaction=3963416
    binder:600_1-646     [004] ..... 44561.306372: binder_wait_for_work: proc_work=1 transaction_stack=0 thread_todo=0
  RegionSampling-698     [000] ..... 44561.310380: binder_transaction: transaction=3963417 dest_node=3929675 dest_proc=2275 dest_thread=0 reply=0 flags=0x11 code=0x1
  RegionSampling-698     [000] ..... 44561.310447: binder_wait_for_work: proc_work=0 transaction_stack=0 thread_todo=1
   binder:2275_3-2399    [002] ..... 44561.310485: binder_transaction_received: transaction=3963417
   binder:2275_3-2399    [002] ..... 44561.311007: binder_wait_for_work: proc_work=1 transaction_stack=0 thread_todo=0
 android.hardwar-2550    [005] ..... 44561.312942: binder_transaction: transaction=3963418 dest_node=25524 dest_proc=2232 dest_thread=0 reply=0 flags=0x10 code=0x1
 android.hardwar-2550    [005] ..... 44561.313105: binder_wait_for_work: proc_work=0 transaction_stack=1 thread_todo=1
   binder:2232_1-2306    [005] ..... 44561.313146: binder_transaction_received: transaction=3963418
   binder:2232_1-2306    [005] ..... 44561.313256: binder_transaction: transaction=3963419 dest_node=0 dest_proc=972 dest_thread=2550 reply=1 flags=0x0 code=0x0
   binder:2232_1-2306    [005] ..... 44561.313340: binder_wait_for_work: proc_work=0 transaction_stack=0 thread_todo=1
   binder:2232_1-2306    [005] ..... 44561.313355: binder_wait_for_work: proc_work=1 transaction_stack=0 thread_todo=0
 android.hardwar-2550    [005] ..... 44561.313396: binder_transaction_received: transaction=3963419
 .android.chrome-25132   [005] ..... 44561.315164: binder_transaction: transaction=3963420 dest_node=3930430 dest_proc=600 dest_thread=0 reply=0 flags=0x11 code=0x3
 .android.chrome-25132   [005] ..... 44561.315207: binder_wait_for_work: proc_work=0 transaction_stack=0 thread_todo=1
    binder:600_1-646     [004] ..... 44561.315220: binder_transaction_received: transaction=3963420
    binder:600_1-646     [004] ..... 44561.315250: binder_wait_for_work: proc_work=1 transaction_stack=0 thread_todo=0
   binder:2232_1-2306    [004] ..... 44561.315362: binder_transaction_received: transaction=3963421
   binder:2232_1-2306    [004] ..... 44561.315437: binder_transaction: transaction=3963422 dest_node=0 dest_proc=972 dest_thread=2550 reply=1 flags=0x0 code=0x0
   binder:2232_1-2306    [004] ..... 44561.315473: binder_wait_for_work: proc_work=0 transaction_stack=0 thread_todo=1
   binder:2232_1-2306    [004] ..... 44561.315482: binder_wait_for_work: proc_work=1 transaction_stack=0 thread_todo=0
 android.hardwar-2550    [007] ..... 44561.316032: binder_transaction_received: transaction=3963422
  surfaceflinger-600     [000] ..... 44561.316510: binder_transaction: transaction=3963423 dest_node=449 dest_proc=604 dest_thread=0 reply=0 flags=0x10 code=0x23
  surfaceflinger-600     [000] ..... 44561.316620: binder_wait_for_work: proc_work=0 transaction_stack=1 thread_todo=1
  surfaceflinger-600     [000] ..... 44561.316649: binder_wait_for_work: proc_work=0 transaction_stack=1 thread_todo=0
  HwBinder:604_2-658     [000] ..... 44561.316694: binder_transaction_received: transaction=3963423
  decon0_kthread-292     [002] ..... 44561.317767: dma_fence_wait_start: driver=mali timeline=mali.timeline context=318499 seqno=10
  decon0_kthread-292     [002] ..... 44561.317773: dma_fence_wait_end: driver=mali timeline=mali.timeline context=318499 seqno=10
  decon0_kthread-292     [002] ..... 44561.317776: dma_fence_wait_start: driver=mali timeline=mali.timeline context=316926 seqno=2325
  decon0_kthread-292     [002] ..... 44561.317778: dma_fence_wait_end: driver=mali timeline=mali.timeline context=316926 seqno=2325
  decon0_kthread-292     [002] ..... 44561.317781: dma_fence_wait_start: driver=mali timeline=mali.timeline context=7 seqno=294755
  decon0_kthread-292     [002] ..... 44561.317784: dma_fence_wait_end: driver=mali timeline=mali.timeline context=7 seqno=294755
  HwBinder:604_2-658     [000] ..... 44561.317901: binder_transaction: transaction=3963424 dest_node=0 dest_proc=600 dest_thread=600 reply=1 flags=0x0 code=0x0
  HwBinder:604_2-658     [000] ..... 44561.317997: binder_wait_for_work: proc_work=0 transaction_stack=0 thread_todo=1
  HwBinder:604_2-658     [000] ..... 44561.318077: binder_wait_for_work: proc_work=1 transaction_stack=0 thread_todo=0
  HwBinder:604_2-658     [000] ..... 44561.318088: binder_wait_for_work: proc_work=1 transaction_stack=0 thread_todo=0
  surfaceflinger-600     [000] ..... 44561.318133: binder_transaction_received: transaction=3963424
  BckgrndExec HP-705     [003] ..... 44561.318879: binder_transaction: transaction=3963425 dest_node=3930845 dest_proc=25132 dest_thread=0 reply=0 flags=0x11 code=0x1
  BckgrndExec HP-705     [003] ..... 44561.318984: binder_wait_for_work: proc_work=0 transaction_stack=0 thread_todo=1
    RenderThread-25167   [005] ..... 44561.322290: binder_transaction: transaction=3963426 dest_node=532 dest_proc=600 dest_thread=0 reply=0 flags=0x11 code=0x8
    RenderThread-25167   [005] ..... 44561.322346: binder_wait_for_work: proc_work=0 transaction_stack=0 thread_todo=1
    binder:600_1-646     [002] ..... 44561.322370: binder_transaction_received: transaction=3963426
    binder:600_1-646     [002] ..... 44561.322542: binder_wait_for_work: proc_work=1 transaction_stack=0 thread_todo=0
 android.hardwar-2550    [003] ..... 44561.323293: binder_transaction: transaction=3963427 dest_node=25524 dest_proc=2232 dest_thread=0 reply=0 flags=0x10 code=0x1
   binder:2232_1-2306    [003] ..... 44561.323380: binder_transaction_received: transaction=3963427
   binder:2232_1-2306    [003] ..... 44561.323579: binder_transaction: transaction=3963428 dest_node=0 dest_proc=972 dest_thread=2550 reply=1 flags=0x0 code=0x0
   binder:2232_1-2306    [003] ..... 44561.323597: binder_wait_for_work: proc_work=0 transaction_stack=0 thread_todo=1
   binder:2232_1-2306    [003] ..... 44561.323614: binder_wait_for_work: proc_work=1 transaction_stack=0 thread_todo=0
 android.hardwar-2550    [003] ..... 44561.323661: binder_wait_for_work: proc_work=0 transaction_stack=0 thread_todo=1
 android.hardwar-2550    [003] ..... 44561.323669: binder_transaction_received: transaction=3963428
    binder:600_1-646     [002] ..... 44561.332489: binder_transaction_received: transaction=3963429
    binder:600_1-646     [002] ..... 44561.332535: binder_wait_for_work: proc_work=1 transaction_stack=0 thread_todo=0
  surfaceflinger-600     [000] ..... 44561.333601: binder_transaction: transaction=3963430 dest_node=449 dest_proc=604 dest_thread=0 reply=0 flags=0x10 code=0x23
  surfaceflinger-600     [000] ..... 44561.333690: binder_wait_for_work: proc_work=0 transaction_stack=1 thread_todo=1
  surfaceflinger-600     [000] ..... 44561.333711: binder_wait_for_work: proc_work=0 transaction_stack=1 thread_todo=0
  HwBinder:604_2-658     [000] ..... 44561.333759: binder_transaction_received: transaction=3963430
  decon0_kthread-292     [002] ..... 44561.334972: dma_fence_wait_start: driver=mali timeline=mali.timeline context=318499 seqno=10
  decon0_kthread-292     [002] ..... 44561.334983: dma_fence_wait_end: driver=mali timeline=mali.timeline context=318499 seqno=10
  decon0_kthread-292     [002] ..... 44561.334986: dma_fence_wait_start: driver=mali timeline=mali.timeline context=316926 seqno=2326
  decon0_kthread-292     [002] ..... 44561.334989: dma_fence_wait_end: driver=mali timeline=mali.timeline context=316926 seqno=2326
  decon0_kthread-292     [002] ..... 44561.334993: dma_fence_wait_start: driver=mali timeline=mali.timeline context=7 seqno=294755
  decon0_kthread-292     [002] ..... 44561.334999: dma_fence_wait_end: driver=mali timeline=mali.timeline context=7 seqno=294755
  HwBinder:604_2-658     [000] ..... 44561.335026: binder_transaction: transaction=3963431 dest_node=0 dest_proc=600 dest_thread=600 reply=1 flags=0x0 code=0x0
  HwBinder:604_2-658     [000] ..... 44561.335176: binder_wait_for_work: proc_work=0 transaction_stack=0 thread_todo=1
  HwBinder:604_2-658     [000] ..... 44561.335248: binder_wait_for_work: proc_work=1 transaction_stack=0 thread_todo=0
  HwBinder:604_2-658     [000] ..... 44561.335262: binder_wait_for_work: proc_work=1 transaction_stack=0 thread_todo=0
  surfaceflinger-600     [000] ..... 44561.335415: binder_transaction_received: transaction=3963431
  BckgrndExec HP-705     [002] ..... 44561.336425: binder_transaction: transaction=3963432 dest_node=3930845 dest_proc=25132 dest_thread=0 reply=0 flags=0x11 code=0x1
  BckgrndExec HP-705     [002] ..... 44561.336505: binder_wait_for_work: proc_work=0 transaction_stack=0 thread_todo=1
    RenderThread-25167   [004] ..... 44561.340757: binder_transaction: transaction=3963433 dest_node=532 dest_proc=600 dest_thread=0 reply=0 flags=0x11 code=0x8
    RenderThread-25167   [004] ..... 44561.340856: binder_wait_for_work: proc_work=0 transaction_stack=0 thread_todo=1
    binder:600_1-646     [002] ..... 44561.340894: binder_transaction_received: transaction=3963433
    binder:600_1-646     [002] ..... 44561.341253: binder_wait_for_work: proc_work=1 transaction_stack=0 thread_todo=0
 .android.chrome-25132   [004] ..... 44561.349135: binder_transaction: transaction=3963434 dest_node=3930430 dest_proc=600 dest_thread=0 reply=0 flags=0x11 code=0x3
 .android.chrome-25132   [004] ..... 44561.349191: binder_wait_for_work: proc_work=0 transaction_stack=0 thread_todo=1
  surfaceflinger-600     [005] ..... 44561.349492: binder_transaction: transaction=3963435 dest_node=449 dest_proc=604 dest_thread=0 reply=0 flags=0x10 code=0x23
  surfaceflinger-600     [005] ..... 44561.349590: binder_wait_for_work: proc_work=0 transaction_stack=1 thread_todo=1
  surfaceflinger-600     [005] ..... 44561.349639: binder_wait_for_work: proc_work=0 transaction_stack=1 thread_todo=0
  HwBinder:604_2-658     [005] ..... 44561.349683: binder_transaction_received: transaction=3963435
  decon0_kthread-292     [002] ..... 44561.350354: dma_fence_wait_start: driver=mali timeline=mali.timeline context=318499 seqno=10
  decon0_kthread-292     [002] ..... 44561.350360: dma_fence_wait_end: driver=mali timeline=mali.timeline context=318499 seqno=10
  decon0_kthread-292     [002] ..... 44561.350363: dma_fence_wait_start: driver=mali timeline=mali.timeline context=316926 seqno=2327
  decon0_kthread-292     [002] ..... 44561.350366: dma_fence_wait_end: driver=mali timeline=mali.timeline context=316926 seqno=2327
  decon0_kthread-292     [002] ..... 44561.350369: dma_fence_wait_start: driver=mali timeline=mali.timeline context=7 seqno=294755
  decon0_kthread-292     [002] ..... 44561.350371: dma_fence_wait_end: driver=mali timeline=mali.timeline context=7 seqno=294755
  HwBinder:604_2-658     [005] ..... 44561.350406: binder_transaction: transaction=3963436 dest_node=0 dest_proc=600 dest_thread=600 reply=1 flags=0x0 code=0x0
  HwBinder:604_2-658     [005] ..... 44561.350461: binder_wait_for_work: proc_work=0 transaction_stack=0 thread_todo=1
  HwBinder:604_2-658     [005] ..... 44561.350491: binder_wait_for_work: proc_work=1 transaction_stack=0 thread_todo=0
  HwBinder:604_2-658     [005] ..... 44561.350496: binder_wait_for_work: proc_work=1 transaction_stack=0 thread_todo=0
  surfaceflinger-600     [005] ..... 44561.350527: binder_transaction_received: transaction=3963436
  BckgrndExec HP-705     [002] ..... 44561.351030: binder_transaction: transaction=3963437 dest_node=3930845 dest_proc=25132 dest_thread=0 reply=0 flags=0x11 code=0x1
  BckgrndExec HP-705     [002] ..... 44561.351219: binder_wait_for_work: proc_work=0 transaction_stack=0 thread_todo=1
  binder:25132_3-25144   [003] ..... 44561.351226: binder_transaction_received: transaction=3963437
  binder:25132_3-25144   [003] ..... 44561.351778: binder_wait_for_work: proc_work=1 transaction_stack=0 thread_todo=0
    RenderThread-25167   [000] ..... 44561.354994: binder_transaction: transaction=3963438 dest_node=532 dest_proc=600 dest_thread=0 reply=0 flags=0x11 code=0x8
    RenderThread-25167   [000] ..... 44561.355138: binder_wait_for_work: proc_work=0 transaction_stack=0 thread_todo=1
 .android.chrome-25132   [003] ..... 44561.365988: binder_transaction: transaction=3963439 dest_node=3930430 dest_proc=600 dest_thread=0 reply=0 flags=0x11 code=0x3
    binder:600_1-646     [002] ..... 44561.366114: binder_transaction_received: transaction=3963439
    binder:600_1-646     [002] ..... 44561.366163: binder_wait_for_work: proc_work=1 transaction_stack=0 thread_todo=0
 .android.chrome-25132   [003] ..... 44561.366190: binder_wait_for_work: proc_work=0 transaction_stack=0 thread_todo=1
  surfaceflinger-600     [004] ..... 44561.366339: binder_transaction: transaction=3963440 dest_node=449 dest_proc=604 dest_thread=0 reply=0 flags=0x10 code=0x23
  surfaceflinger-600     [004] ..... 44561.366442: binder_wait_for_work: proc_work=0 transaction_stack=1 thread_todo=1
  surfaceflinger-600     [004] ..... 44561.366461: binder_wait_for_work: proc_work=0 transaction_stack=1 thread_todo=0
  HwBinder:604_2-658     [004] ..... 44561.366506: binder_transaction_received: transaction=3963440
  HwBinder:604_2-658     [004] ..... 44561.367254: binder_transaction: transaction=3963441 dest_node=0 dest_proc=600 dest_thread=600 reply=1 flags=0x0 code=0x0
  HwBinder:604_2-658     [004] ..... 44561.367292: binder_wait_for_work: proc_work=0 transaction_stack=0 thread_todo=1
  HwBinder:604_2-658     [004] ..... 44561.367322: binder_wait_for_work: proc_work=1 transaction_stack=0 thread_todo=0
  HwBinder:604_2-658     [004] ..... 44561.367328: binder_wait_for_work: proc_work=1 transaction_stack=0 thread_todo=0
  surfaceflinger-600     [004] ..... 44561.367353: binder_transaction_received: transaction=3963441
  BckgrndExec HP-705     [005] ..... 44561.367756: binder_transaction: transaction=3963442 dest_node=3930845 dest_proc=25132 dest_thread=0 reply=0 flags=0x11 code=0x1
  BckgrndExec HP-705     [005] ..... 44561.367811: binder_wait_for_work: proc_work=0 transaction_stack=0 thread_todo=1
    RenderThread-25167   [005] ..... 44561.372116: binder_transaction: transaction=3963443 dest_node=532 dest_proc=600 dest_thread=0 reply=0 flags=0x11 code=0x8
    RenderThread-25167   [005] ..... 44561.372189: binder_wait_for_work: proc_work=0 transaction_stack=0 thread_todo=1
    binder:600_1-646     [003] ..... 44561.372231: binder_transaction_received: transaction=3963443
    binder:600_1-646     [003] ..... 44561.372501: binder_wait_for_work: proc_work=1 transaction_stack=0 thread_todo=0
 .android.chrome-25132   [000] ..... 44561.383264: binder_transaction: transaction=3963444 dest_node=3930430 dest_proc=600 dest_thread=0 reply=0 flags=0x11 code=0x3
 .android.chrome-25132   [000] ..... 44561.383364: binder_wait_for_work: proc_work=0 transaction_stack=0 thread_todo=1
    binder:600_1-646     [002] ..... 44561.383384: binder_transaction_received: transaction=3963444
    binder:600_1-646     [002] ..... 44561.383437: binder_wait_for_work: proc_work=1 transaction_stack=0 thread_todo=0
  surfaceflinger-600     [003] ..... 44561.383625: binder_transaction: transaction=3963445 dest_node=449 dest_proc=604 dest_thread=0 reply=0 flags=0x10 code=0x23
  surfaceflinger-600     [003] ..... 44561.383711: binder_wait_for_work: proc_work=0 transaction_stack=1 thread_todo=1
  surfaceflinger-600     [003] ..... 44561.383735: binder_wait_for_work: proc_work=0 transaction_stack=1 thread_todo=0
  HwBinder:604_2-658     [003] ..... 44561.383820: binder_transaction_received: transaction=3963445
  decon0_kthread-292     [002] ..... 44561.385092: dma_fence_wait_start: driver=mali timeline=mali.timeline context=318499 seqno=10
  decon0_kthread-292     [002] ..... 44561.385099: dma_fence_wait_end: driver=mali timeline=mali.timeline context=318499 seqno=10
  decon0_kthread-292     [002] ..... 44561.385102: dma_fence_wait_start: driver=mali timeline=mali.timeline context=316926 seqno=2329
  decon0_kthread-292     [002] ..... 44561.385105: dma_fence_wait_end: driver=mali timeline=mali.timeline context=316926 seqno=2329
  decon0_kthread-292     [002] ..... 44561.385108: dma_fence_wait_start: driver=mali timeline=mali.timeline context=7 seqno=294755
  decon0_kthread-292     [002] ..... 44561.385111: dma_fence_wait_end: driver=mali timeline=mali.timeline context=7 seqno=294755
  HwBinder:604_2-658     [003] ..... 44561.385287: binder_transaction: transaction=3963446 dest_node=0 dest_proc=600 dest_thread=600 reply=1 flags=0x0 code=0x0
  HwBinder:604_2-658     [003] ..... 44561.385393: binder_wait_for_work: proc_work=0 transaction_stack=0 thread_todo=1
  HwBinder:604_2-658     [003] ..... 44561.385479: binder_wait_for_work: proc_work=1 transaction_stack=0 thread_todo=0
  HwBinder:604_2-658     [003] ..... 44561.385494: binder_wait_for_work: proc_work=1 transaction_stack=0 thread_todo=0
  surfaceflinger-600     [003] ..... 44561.385546: binder_transaction_received: transaction=3963446
  BckgrndExec HP-705     [002] ..... 44561.386499: binder_transaction: transaction=3963447 dest_node=3930845 dest_proc=25132 dest_thread=0 reply=0 flags=0x11 code=0x1
  BckgrndExec HP-705     [002] ..... 44561.386614: binder_wait_for_work: proc_work=0 transaction_stack=0 thread_todo=1
    RenderThread-25167   [005] ..... 44561.390526: binder_transaction: transaction=3963448 dest_node=532 dest_proc=600 dest_thread=0 reply=0 flags=0x11 code=0x8
    RenderThread-25167   [005] ..... 44561.390636: binder_wait_for_work: proc_work=0 transaction_stack=0 thread_todo=1
    binder:600_1-646     [002] ..... 44561.390675: binder_transaction_received: transaction=3963448
    binder:600_1-646     [002] ..... 44561.390935: binder_wait_for_work: proc_work=1 transaction_stack=0 thread_todo=0
 .android.chrome-25132   [000] ..... 44561.399231: binder_transaction: transaction=3963449 dest_node=3930430 dest_proc=600 dest_thread=0 reply=0 flags=0x11 code=0x3
 .android.chrome-25132   [000] ..... 44561.399463: binder_wait_for_work: proc_work=0 transaction_stack=0 thread_todo=1
    binder:600_1-646     [004] ..... 44561.399464: binder_transaction_received: transaction=3963449
    binder:600_1-646     [004] ..... 44561.399515: binder_wait_for_work: proc_work=1 transaction_stack=0 thread_todo=0
  surfaceflinger-600     [002] ..... 44561.399646: binder_transaction: transaction=3963450 dest_node=449 dest_proc=604 dest_thread=0 reply=0 flags=0x10 code=0x23
  surfaceflinger-600     [002] ..... 44561.399725: binder_wait_for_work: proc_work=0 transaction_stack=1 thread_todo=1
  surfaceflinger-600     [002] ..... 44561.399745: binder_wait_for_work: proc_work=0 transaction_stack=1 thread_todo=0
  HwBinder:604_2-658     [002] ..... 44561.399794: binder_transaction_received: transaction=3963450
  HwBinder:604_2-658     [002] ..... 44561.400837: binder_transaction: transaction=3963451 dest_node=0 dest_proc=600 dest_thread=600 reply=1 flags=0x0 code=0x0
  HwBinder:604_2-658     [002] ..... 44561.400959: binder_wait_for_work: proc_work=0 transaction_stack=0 thread_todo=1
  HwBinder:604_2-658     [002] ..... 44561.401125: binder_wait_for_work: proc_work=1 transaction_stack=0 thread_todo=0
  HwBinder:604_2-658     [002] ..... 44561.401141: binder_wait_for_work: proc_work=1 transaction_stack=0 thread_todo=0
  surfaceflinger-600     [002] ..... 44561.401194: binder_transaction_received: transaction=3963451
  binder:25132_3-25144   [004] ..... 44561.402084: binder_transaction_received: transaction=3963452
  binder:25132_3-25144   [004] ..... 44561.402419: binder_wait_for_work: proc_work=1 transaction_stack=0 thread_todo=0
    RenderThread-25167   [000] ..... 44561.406535: binder_transaction: transaction=3963453 dest_node=532 dest_proc=600 dest_thread=0 reply=0 flags=0x11 code=0x8
    RenderThread-25167   [000] ..... 44561.406672: binder_wait_for_work: proc_work=0 transaction_stack=0 thread_todo=1
    binder:600_1-646     [003] ..... 44561.406702: binder_transaction_received: transaction=3963453
    binder:600_1-646     [003] ..... 44561.406950: binder_wait_for_work: proc_work=1 transaction_stack=0 thread_todo=0
  RegionSampling-698     [004] ..... 44561.408474: binder_transaction: transaction=3963454 dest_node=3929675 dest_proc=2275 dest_thread=0 reply=0 flags=0x11 code=0x1
  RegionSampling-698     [004] ..... 44561.408536: binder_wait_for_work: proc_work=0 transaction_stack=0 thread_todo=1
   binder:2275_3-2399    [002] ..... 44561.408580: binder_transaction_received: transaction=3963454
   binder:2275_3-2399    [002] ..... 44561.408956: binder_wait_for_work: proc_work=1 transaction_stack=0 thread_todo=0
 .android.chrome-25132   [000] ..... 44561.416228: binder_transaction: transaction=3963455 dest_node=3930430 dest_proc=600 dest_thread=0 reply=0 flags=0x11 code=0x3
 .android.chrome-25132   [000] ..... 44561.416314: binder_wait_for_work: proc_work=0 transaction_stack=0 thread_todo=1
    binder:600_1-646     [003] ..... 44561.416338: binder_transaction_received: transaction=3963455
    binder:600_1-646     [003] ..... 44561.416388: binder_wait_for_work: proc_work=1 transaction_stack=0 thread_todo=0
  surfaceflinger-600     [002] ..... 44561.416637: binder_transaction: transaction=3963456 dest_node=449 dest_proc=604 dest_thread=0 reply=0 flags=0x10 code=0x23
  surfaceflinger-600     [002] ..... 44561.416723: binder_wait_for_work: proc_work=0 transaction_stack=1 thread_todo=1
  surfaceflinger-600     [002] ..... 44561.416746: binder_wait_for_work: proc_work=0 transaction_stack=1 thread_todo=0
  HwBinder:604_2-658     [002] ..... 44561.416795: binder_transaction_received: transaction=3963456
  HwBinder:604_2-658     [002] ..... 44561.418200: binder_transaction: transaction=3963457 dest_node=0 dest_proc=600 dest_thread=600 reply=1 flags=0x0 code=0x0
  HwBinder:604_2-658     [002] ..... 44561.418318: binder_wait_for_work: proc_work=0 transaction_stack=0 thread_todo=1
  HwBinder:604_2-658     [002] ..... 44561.418385: binder_wait_for_work: proc_work=1 transaction_stack=0 thread_todo=0
  HwBinder:604_2-658     [002] ..... 44561.418399: binder_wait_for_work: proc_work=1 transaction_stack=0 thread_todo=0
  surfaceflinger-600     [002] ..... 44561.418453: binder_transaction_received: transaction=3963457
  binder:25132_3-25144   [004] ..... 44561.419381: binder_transaction_received: transaction=3963458
  binder:25132_3-25144   [004] ..... 44561.419694: binder_wait_for_work: proc_work=1 transaction_stack=0 thread_todo=0
    RenderThread-25167   [000] ..... 44561.423578: binder_transaction: transaction=3963459 dest_node=532 dest_proc=600 dest_thread=0 reply=0 flags=0x11 code=0x8
    RenderThread-25167   [000] ..... 44561.423710: binder_wait_for_work: proc_work=0 transaction_stack=0 thread_todo=1
    binder:600_1-646     [002] ..... 44561.423735: binder_transaction_received: transaction=3963459
    binder:600_1-646     [002] ..... 44561.423973: binder_wait_for_work: proc_work=1 transaction_stack=0 thread_todo=0
 .android.chrome-25132   [000] ..... 44561.432890: binder_transaction: transaction=3963460 dest_node=3930430 dest_proc=600 dest_thread=0 reply=0 flags=0x11 code=0x3
 .android.chrome-25132   [000] ..... 44561.432978: binder_wait_for_work: proc_work=0 transaction_stack=0 thread_todo=1
  surfaceflinger-600     [002] ..... 44561.433343: binder_transaction: transaction=3963461 dest_node=449 dest_proc=604 dest_thread=0 reply=0 flags=0x10 code=0x23
  surfaceflinger-600     [002] ..... 44561.433494: binder_wait_for_work: proc_work=0 transaction_stack=1 thread_todo=1
  surfaceflinger-600     [002] ..... 44561.433518: binder_wait_for_work: proc_work=0 transaction_stack=1 thread_todo=0
  HwBinder:604_2-658     [002] ..... 44561.433568: binder_transaction_received: transaction=3963461
##### CPU 1 buffer started ####
  decon0_kthread-292     [001] ..... 44561.434562: dma_fence_wait_start: driver=mali timeline=mali.timeline context=316926 seqno=2332
  decon0_kthread-292     [001] ..... 44561.434565: dma_fence_wait_end: driver=mali timeline=mali.timeline context=316926 seqno=2332
  decon0_kthread-292     [001] ..... 44561.434568: dma_fence_wait_start: driver=mali timeline=mali.timeline context=7 seqno=294755
  decon0_kthread-292     [001] ..... 44561.434571: dma_fence_wait_end: driver=mali timeline=mali.timeline context=7 seqno=294755
  HwBinder:604_2-658     [002] ..... 44561.434692: binder_transaction: transaction=3963462 dest_node=0 dest_proc=600 dest_thread=600 reply=1 flags=0x0 code=0x0
  HwBinder:604_2-658     [002] ..... 44561.434825: binder_wait_for_work: proc_work=0 transaction_stack=0 thread_todo=1
  HwBinder:604_2-658     [002] ..... 44561.434910: binder_wait_for_work: proc_work=1 transaction_stack=0 thread_todo=0
  HwBinder:604_2-658     [002] ..... 44561.434924: binder_wait_for_work: proc_work=1 transaction_stack=0 thread_todo=0
  surfaceflinger-600     [002] ..... 44561.434978: binder_transaction_received: transaction=3963462
  BckgrndExec HP-705     [001] ..... 44561.435735: binder_transaction: transaction=3963463 dest_node=3930845 dest_proc=25132 dest_thread=0 reply=0 flags=0x11 code=0x1
  BckgrndExec HP-705     [001] ..... 44561.435816: binder_wait_for_work: proc_work=0 transaction_stack=0 thread_todo=1
  binder:25132_3-25144   [004] ..... 44561.435840: binder_transaction_received: transaction=3963463
  binder:25132_3-25144   [001] ..... 44561.436439: binder_wait_for_work: proc_work=1 transaction_stack=0 thread_todo=0
    RenderThread-25167   [000] ..... 44561.440340: binder_transaction: transaction=3963464 dest_node=532 dest_proc=600 dest_thread=0 reply=0 flags=0x11 code=0x8
    RenderThread-25167   [000] ..... 44561.440472: binder_wait_for_work: proc_work=0 transaction_stack=0 thread_todo=1
    binder:600_1-646     [001] ..... 44561.440501: binder_transaction_received: transaction=3963464
    binder:600_1-646     [001] ..... 44561.440731: binder_wait_for_work: proc_work=1 transaction_stack=0 thread_todo=0
 .android.chrome-25132   [004] ..... 44561.449135: binder_transaction: transaction=3963465 dest_node=3930430 dest_proc=600 dest_thread=0 reply=0 flags=0x11 code=0x3
 .android.chrome-25132   [004] ..... 44561.449206: binder_wait_for_work: proc_work=0 transaction_stack=0 thread_todo=1
    binder:600_1-646     [001] ..... 44561.449234: binder_transaction_received: transaction=3963465
