# tracer: nop
#
# entries-in-buffer/entries-written: 1818/77669   #P:8
#
#                                _-----=> irqs-off/BH-disabled
#                               / _----=> need-resched
#                              | / _---=> hardirq/softirq
#                              || / _--=> preempt-depth
#                              ||| / _-=> migrate-disable
#                              |||| /     delay
#           TASK-PID     CPU#  |||||  TIMESTAMP  FUNCTION
#              | |         |   |||||     |         |
    kworker/7:2H-11260   [007] ..... 44539.639777: block_rq_issue: 8,0 W 524288 () 97724608 + 1024 [kworker/7:2H]
          <idle>-0       [007] .Ns1. 44539.640638: block_rq_complete: 8,0 W () 97693888 + 1024 [0]
    kworker/7:2H-11260   [007] ..... 44539.641103: block_rq_issue: 8,0 W 524288 () 97725632 + 1024 [kworker/7:2H]
  binder:25132_3-25144   [007] ..... 44540.293298: binder_wait_for_work: proc_work=1 transaction_stack=0 thread_todo=0
 .android.chrome-25132   [007] ..... 44541.593338: binder_transaction: transaction=3956379 dest_node=3930430 dest_proc=600 dest_thread=0 reply=0 flags=0x11 code=0x3
 .android.chrome-25132   [007] ..... 44541.593405: binder_wait_for_work: proc_work=0 transaction_stack=0 thread_todo=1
 .android.chrome-25132   [007] ..... 44541.643120: binder_transaction: transaction=3956394 dest_node=3930430 dest_proc=600 dest_thread=0 reply=0 flags=0x11 code=0x3
 .android.chrome-25132   [007] ..... 44541.643186: binder_wait_for_work: proc_work=0 transaction_stack=0 thread_todo=1
 .android.chrome-25132   [007] ..... 44541.676486: binder_transaction: transaction=3956405 dest_node=3930430 dest_proc=600 dest_thread=0 reply=0 flags=0x11 code=0x3
 .android.chrome-25132   [007] ..... 44541.676561: binder_wait_for_work: proc_work=0 transaction_stack=0 thread_todo=1
    RenderThread-25167   [007] ..... 44542.469547: binder_transaction: transaction=3956683 dest_node=532 dest_proc=600 dest_thread=0 reply=0 flags=0x11 code=0x8
    RenderThread-25167   [007] ..... 44542.469657: binder_wait_for_work: proc_work=0 transaction_stack=0 thread_todo=1
    RenderThread-25167   [007] ..... 44542.535342: binder_transaction: transaction=3956704 dest_node=532 dest_proc=600 dest_thread=0 reply=0 flags=0x11 code=0x8
    RenderThread-25167   [007] ..... 44542.535487: binder_wait_for_work: proc_work=0 transaction_stack=0 thread_todo=1
 .android.chrome-25132   [007] ..... 44543.381477: binder_transaction: transaction=3956998 dest_node=3930430 dest_proc=600 dest_thread=0 reply=0 flags=0x11 code=0x3
 .android.chrome-25132   [007] ..... 44543.381546: binder_wait_for_work: proc_work=0 transaction_stack=0 thread_todo=1
  binder:25132_3-25144   [007] ..... 44543.384362: binder_transaction_received: transaction=3957000
  binder:25132_3-25144   [007] ..... 44543.384707: binder_wait_for_work: proc_work=1 transaction_stack=0 thread_todo=0
 .android.chrome-25132   [007] ..... 44543.699264: binder_transaction: transaction=3957114 dest_node=3930430 dest_proc=600 dest_thread=0 reply=0 flags=0x11 code=0x3
 .android.chrome-25132   [007] ..... 44543.699335: binder_wait_for_work: proc_work=0 transaction_stack=0 thread_todo=1
 .android.chrome-25132   [007] ..... 44543.983007: binder_transaction: transaction=3957223 dest_node=3930430 dest_proc=600 dest_thread=0 reply=0 flags=0x11 code=0x3
 .android.chrome-25132   [007] ..... 44543.983080: binder_wait_for_work: proc_work=0 transaction_stack=0 thread_todo=1
  binder:25132_3-25144   [007] ..... 44543.985124: binder_transaction_received: transaction=3957225
  binder:25132_3-25144   [007] ..... 44543.985514: binder_wait_for_work: proc_work=1 transaction_stack=0 thread_todo=0
 .android.chrome-25132   [007] ..... 44544.066952: binder_transaction: transaction=3957251 dest_node=3930430 dest_proc=600 dest_thread=0 reply=0 flags=0x11 code=0x3
 .android.chrome-25132   [007] ..... 44544.067021: binder_wait_for_work: proc_work=0 transaction_stack=0 thread_todo=1
 .android.chrome-25132   [007] ..... 44545.286934: binder_transaction: transaction=3957666 dest_node=3930430 dest_proc=600 dest_thread=0 reply=0 flags=0x11 code=0x3
 .android.chrome-25132   [007] ..... 44545.287006: binder_wait_for_work: proc_work=0 transaction_stack=0 thread_todo=1
  binder:25132_3-25144   [007] ..... 44545.290314: binder_transaction_received: transaction=3957668
  binder:25132_3-25144   [007] ..... 44545.290677: binder_wait_for_work: proc_work=1 transaction_stack=0 thread_todo=0
 .android.chrome-25132   [007] ..... 44545.638023: binder_transaction: transaction=3957773 dest_node=3930430 dest_proc=600 dest_thread=0 reply=0 flags=0x11 code=0x3
 .android.chrome-25132   [007] ..... 44545.638097: binder_wait_for_work: proc_work=0 transaction_stack=0 thread_todo=1
 .android.chrome-25132   [007] ..... 44545.654658: binder_transaction: transaction=3957779 dest_node=3930430 dest_proc=600 dest_thread=0 reply=0 flags=0x11 code=0x3
 .android.chrome-25132   [007] ..... 44545.654717: binder_wait_for_work: proc_work=0 transaction_stack=0 thread_todo=1
 .android.chrome-25132   [007] ..... 44545.771624: binder_transaction: transaction=3957814 dest_node=3930430 dest_proc=600 dest_thread=0 reply=0 flags=0x11 code=0x3
 .android.chrome-25132   [007] ..... 44545.771701: binder_wait_for_work: proc_work=0 transaction_stack=0 thread_todo=1
 .android.chrome-25132   [007] ..... 44545.804976: binder_transaction: transaction=3957825 dest_node=3930430 dest_proc=600 dest_thread=0 reply=0 flags=0x11 code=0x3
 .android.chrome-25132   [007] ..... 44545.805151: binder_wait_for_work: proc_work=0 transaction_stack=0 thread_todo=1
    binder:903_1-941     [007] ..... 44545.965502: binder_transaction_received: transaction=3957886
    binder:903_1-941     [007] ..... 44545.966127: binder_transaction: transaction=3957887 dest_node=0 dest_proc=2109 dest_thread=3022 reply=1 flags=0x0 code=0x0
    binder:903_1-941     [007] ..... 44545.966198: binder_wait_for_work: proc_work=0 transaction_stack=0 thread_todo=1
    binder:903_1-941     [007] ..... 44545.966212: binder_wait_for_work: proc_work=1 transaction_stack=0 thread_todo=0
    binder:903_1-941     [007] ..... 44545.966763: binder_transaction_received: transaction=3957888
    binder:903_1-941     [007] ..... 44545.967132: binder_transaction: transaction=3957889 dest_node=0 dest_proc=2109 dest_thread=3022 reply=1 flags=0x0 code=0x0
    binder:903_1-941     [007] ..... 44545.967182: binder_wait_for_work: proc_work=0 transaction_stack=0 thread_todo=1
    binder:903_1-941     [007] ..... 44545.967197: binder_wait_for_work: proc_work=1 transaction_stack=0 thread_todo=0
    RenderThread-25167   [007] ..... 44546.381284: binder_transaction: transaction=3958030 dest_node=532 dest_proc=600 dest_thread=0 reply=0 flags=0x11 code=0x8
    RenderThread-25167   [007] ..... 44546.381386: binder_wait_for_work: proc_work=0 transaction_stack=0 thread_todo=1
 .android.chrome-25132   [007] ..... 44546.389696: binder_transaction: transaction=3958031 dest_node=3930430 dest_proc=600 dest_thread=0 reply=0 flags=0x11 code=0x3
 .android.chrome-25132   [007] ..... 44546.389778: binder_wait_for_work: proc_work=0 transaction_stack=0 thread_todo=1
 .android.chrome-25132   [007] ..... 44546.406554: binder_transaction: transaction=3958037 dest_node=3930430 dest_proc=600 dest_thread=0 reply=0 flags=0x11 code=0x3
 .android.chrome-25132   [007] ..... 44546.406663: binder_wait_for_work: proc_work=0 transaction_stack=0 thread_todo=1
 .android.chrome-25132   [007] ..... 44546.790884: binder_transaction: transaction=3958175 dest_node=3930430 dest_proc=600 dest_thread=0 reply=0 flags=0x11 code=0x3
 .android.chrome-25132   [007] ..... 44546.790957: binder_wait_for_work: proc_work=0 transaction_stack=0 thread_todo=1
    binder:600_2-647     [007] ..... 44547.392181: binder_transaction_received: transaction=3958379
    binder:600_2-647     [007] ..... 44547.392237: binder_wait_for_work: proc_work=1 transaction_stack=0 thread_todo=0
   Dns_100_10167-25651   [007] ..... 44547.615810: binder_transaction: transaction=3958470 dest_node=12103 dest_proc=1216 dest_thread=0 reply=0 flags=0x11 code=0x1
   Dns_100_10167-25651   [007] ..... 44547.615831: binder_wait_for_work: proc_work=0 transaction_stack=0 thread_todo=1
   Dns_100_10167-25651   [007] ..... 44547.615854: binder_transaction: transaction=3958471 dest_node=12747 dest_proc=1216 dest_thread=0 reply=0 flags=0x11 code=0x1
   Dns_100_10167-25651   [007] ..... 44547.615870: binder_wait_for_work: proc_work=0 transaction_stack=0 thread_todo=1
 .android.chrome-25132   [007] ..... 44547.893838: binder_transaction: transaction=3958557 dest_node=3930430 dest_proc=600 dest_thread=0 reply=0 flags=0x11 code=0x3
 .android.chrome-25132   [007] ..... 44547.893910: binder_wait_for_work: proc_work=0 transaction_stack=0 thread_todo=1
    binder:994_3-3054    [007] ..... 44547.908787: binder_transaction_received: transaction=3958563
    binder:994_3-3054    [007] ..... 44547.909201: binder_transaction: transaction=3958564 dest_node=0 dest_proc=1216 dest_thread=1881 reply=1 flags=0x0 code=0x0
    binder:994_3-3054    [007] ..... 44547.909246: binder_wait_for_work: proc_work=0 transaction_stack=0 thread_todo=1
    binder:994_3-3054    [007] ..... 44547.909265: binder_wait_for_work: proc_work=1 transaction_stack=0 thread_todo=0
 .android.chrome-25132   [007] ..... 44547.910091: binder_transaction: transaction=3958566 dest_node=3930430 dest_proc=600 dest_thread=0 reply=0 flags=0x11 code=0x3
 .android.chrome-25132   [007] ..... 44547.910155: binder_wait_for_work: proc_work=0 transaction_stack=0 thread_todo=1
    binder:600_2-647     [007] ..... 44547.943535: binder_transaction_received: transaction=3958587
    binder:600_2-647     [007] ..... 44547.943587: binder_wait_for_work: proc_work=1 transaction_stack=0 thread_todo=0
 .android.chrome-25132   [007] ..... 44548.077739: binder_transaction: transaction=3958638 dest_node=3930430 dest_proc=600 dest_thread=0 reply=0 flags=0x11 code=0x3
 .android.chrome-25132   [007] ..... 44548.077884: binder_wait_for_work: proc_work=0 transaction_stack=0 thread_todo=1
 .android.chrome-25132   [007] ..... 44548.663159: binder_transaction: transaction=3958824 dest_node=3930430 dest_proc=600 dest_thread=0 reply=0 flags=0x11 code=0x3
 .android.chrome-25132   [007] ..... 44548.663236: binder_wait_for_work: proc_work=0 transaction_stack=0 thread_todo=1
    RenderThread-25167   [007] ..... 44548.787638: binder_transaction: transaction=3958863 dest_node=532 dest_proc=600 dest_thread=0 reply=0 flags=0x11 code=0x8
    RenderThread-25167   [007] ..... 44548.787796: binder_wait_for_work: proc_work=0 transaction_stack=0 thread_todo=1
    binder:600_2-647     [007] ..... 44548.796002: binder_transaction_received: transaction=3958864
    binder:600_2-647     [007] ..... 44548.796056: binder_wait_for_work: proc_work=1 transaction_stack=0 thread_todo=0
 .android.chrome-25132   [007] ..... 44550.300435: binder_transaction: transaction=3959366 dest_node=3930430 dest_proc=600 dest_thread=0 reply=0 flags=0x11 code=0x3
 .android.chrome-25132   [007] ..... 44550.300517: binder_wait_for_work: proc_work=0 transaction_stack=0 thread_todo=1
 .android.chrome-25132   [007] ..... 44550.534404: binder_transaction: transaction=3959438 dest_node=3930430 dest_proc=600 dest_thread=0 reply=0 flags=0x11 code=0x3
 .android.chrome-25132   [007] ..... 44550.534475: binder_wait_for_work: proc_work=0 transaction_stack=0 thread_todo=1
 .android.chrome-25132   [007] ..... 44550.935449: binder_transaction: transaction=3959580 dest_node=3930430 dest_proc=600 dest_thread=0 reply=0 flags=0x11 code=0x3
 .android.chrome-25132   [007] ..... 44550.935520: binder_wait_for_work: proc_work=0 transaction_stack=0 thread_todo=1
 .android.chrome-25132   [007] ..... 44550.952096: binder_transaction: transaction=3959587 dest_node=3930430 dest_proc=600 dest_thread=0 reply=0 flags=0x11 code=0x3
 .android.chrome-25132   [007] ..... 44550.952165: binder_wait_for_work: proc_work=0 transaction_stack=0 thread_todo=1
  binder:25132_3-25144   [007] ..... 44550.954093: binder_transaction_received: transaction=3959589
  binder:25132_3-25144   [007] ..... 44550.954463: binder_wait_for_work: proc_work=1 transaction_stack=0 thread_todo=0
 .android.chrome-25132   [007] ..... 44550.985498: binder_transaction: transaction=3959597 dest_node=3930430 dest_proc=600 dest_thread=0 reply=0 flags=0x11 code=0x3
 .android.chrome-25132   [007] ..... 44550.985579: binder_wait_for_work: proc_work=0 transaction_stack=0 thread_todo=1
 .android.chrome-25132   [007] ..... 44551.035306: binder_transaction: transaction=3959621 dest_node=3930430 dest_proc=600 dest_thread=0 reply=0 flags=0x11 code=0x3
 .android.chrome-25132   [007] ..... 44551.035369: binder_wait_for_work: proc_work=0 transaction_stack=0 thread_todo=1
 ThreadPoolSingl-25221   [007] ..... 44551.576574: block_rq_issue: 8,0 RA 12288 () 20398728 + 24 [ThreadPoolSingl]
 ThreadPoolSingl-25221   [007] ..... 44551.576625: block_rq_issue: 8,0 RA 8192 () 20398768 + 16 [ThreadPoolSingl]
 ThreadPoolSingl-25221   [007] ..... 44551.576737: block_rq_issue: 8,0 RA 4096 () 20398800 + 8 [ThreadPoolSingl]
 ThreadPoolSingl-25221   [007] ..... 44551.576765: block_rq_issue: 8,0 RA 4096 () 20398816 + 8 [ThreadPoolSingl]
 ThreadPoolSingl-25221   [007] ..s1. 44551.576782: block_rq_complete: 8,0 RA () 20398728 + 24 [0]
 ThreadPoolSingl-25221   [007] ..s.. 44551.576815: block_rq_complete: 8,0 RA () 20398768 + 16 [0]
 ThreadPoolSingl-25221   [007] ..s.. 44551.576847: block_rq_complete: 8,0 RA () 20398800 + 8 [0]
 ThreadPoolSingl-25221   [007] ..s.. 44551.576867: block_rq_complete: 8,0 RA () 20398816 + 8 [0]
 ThreadPoolSingl-25221   [007] ..... 44551.576892: block_rq_issue: 8,0 RA 8192 () 20398840 + 16 [ThreadPoolSingl]
 ThreadPoolSingl-25221   [007] ..s.. 44551.577080: block_rq_complete: 8,0 RA () 20398840 + 16 [0]
 ThreadPoolSingl-25221   [007] ..... 44551.577903: binder_transaction: transaction=3959813 dest_node=1 dest_proc=538 dest_thread=0 reply=0 flags=0x10 code=0x4
 ThreadPoolSingl-25221   [007] ..... 44551.577939: binder_wait_for_work: proc_work=0 transaction_stack=1 thread_todo=1
 ThreadPoolSingl-25221   [007] ..... 44551.577944: binder_wait_for_work: proc_work=0 transaction_stack=1 thread_todo=0
 ThreadPoolSingl-25221   [007] ..... 44551.583632: block_rq_issue: 8,0 R 4096 () 20858104 + 8 [ThreadPoolSingl]
 ThreadPoolSingl-25221   [007] ..... 44551.583642: block_rq_issue: 8,0 RA 98304 () 3161680 + 192 [ThreadPoolSingl]
          <idle>-0       [007] ..s1. 44551.583981: block_rq_complete: 8,0 RA () 3161680 + 192 [0]
    binder:600_2-647     [007] ..... 44551.586907: binder_transaction_received: transaction=3959824
    binder:600_2-647     [007] ..... 44551.586934: binder_wait_for_work: proc_work=1 transaction_stack=0 thread_todo=0
 ThreadPoolSingl-25221   [007] ..... 44551.594732: binder_transaction: transaction=3959861 dest_node=7089 dest_proc=539 dest_thread=0 reply=0 flags=0x10 code=0xd
 ThreadPoolSingl-25221   [007] ..... 44551.594766: binder_wait_for_work: proc_work=0 transaction_stack=1 thread_todo=1
 ThreadPoolSingl-25221   [007] ..... 44551.594907: binder_transaction_received: transaction=3959862
 ThreadPoolSingl-25221   [007] ..... 44551.594961: binder_transaction: transaction=3959863 dest_node=3 dest_proc=539 dest_thread=0 reply=0 flags=0x10 code=0x3
 ThreadPoolSingl-25221   [007] ..... 44551.595002: binder_wait_for_work: proc_work=0 transaction_stack=1 thread_todo=1
 ThreadPoolSingl-25221   [007] ..... 44551.595126: binder_transaction_received: transaction=3959864
 ThreadPoolSingl-25221   [007] ..... 44551.595143: binder_transaction: transaction=3959865 dest_node=3 dest_proc=539 dest_thread=0 reply=0 flags=0x10 code=0x1
 ThreadPoolSingl-25221   [007] ..... 44551.595172: binder_wait_for_work: proc_work=0 transaction_stack=1 thread_todo=1
 ThreadPoolSingl-25221   [007] ..... 44551.596867: binder_transaction: transaction=3959870 dest_node=7089 dest_proc=539 dest_thread=0 reply=0 flags=0x10 code=0xd
 ThreadPoolSingl-25221   [007] ..... 44551.596903: binder_wait_for_work: proc_work=0 transaction_stack=1 thread_todo=1
 ThreadPoolSingl-25221   [007] ..... 44551.597183: binder_transaction_received: transaction=3959871
 ThreadPoolSingl-25221   [007] ..... 44551.597563: block_rq_issue: 8,0 RA 98304 () 3031248 + 192 [ThreadPoolSingl]
          <idle>-0       [007] ..s1. 44551.597762: block_rq_complete: 8,0 RA () 3031248 + 192 [0]
   kworker/u16:1-24965   [007] ..... 44551.634697: block_rq_issue: 8,0 R 24576 () 11872136 + 48 [kworker/u16:1]
          <idle>-0       [007] ..s1. 44551.634825: block_rq_complete: 8,0 R () 11872136 + 48 [0]
  surfaceflinger-600     [007] ..... 44551.637482: binder_transaction: transaction=3959925 dest_node=449 dest_proc=604 dest_thread=0 reply=0 flags=0x10 code=0x23
  surfaceflinger-600     [007] ..... 44551.637535: binder_wait_for_work: proc_work=0 transaction_stack=1 thread_todo=1
  surfaceflinger-600     [007] ..... 44551.637547: binder_wait_for_work: proc_work=0 transaction_stack=1 thread_todo=0
  HwBinder:604_2-658     [007] ..... 44551.637581: binder_transaction_received: transaction=3959925
  HwBinder:604_2-658     [007] ..... 44551.638419: binder_transaction: transaction=3959933 dest_node=0 dest_proc=600 dest_thread=600 reply=1 flags=0x0 code=0x0
  HwBinder:604_2-658     [007] ..... 44551.638473: binder_wait_for_work: proc_work=0 transaction_stack=0 thread_todo=1
  HwBinder:604_2-658     [007] ..... 44551.638513: binder_wait_for_work: proc_work=1 transaction_stack=0 thread_todo=0
  HwBinder:604_2-658     [007] ..... 44551.638522: binder_wait_for_work: proc_work=1 transaction_stack=0 thread_todo=0
  surfaceflinger-600     [007] ..... 44551.638558: binder_transaction_received: transaction=3959933
   Dns_100_10167-25656   [007] ..... 44551.650948: binder_transaction: transaction=3959942 dest_node=12103 dest_proc=1216 dest_thread=0 reply=0 flags=0x11 code=0x1
   Dns_100_10167-25656   [007] ..... 44551.650961: binder_wait_for_work: proc_work=0 transaction_stack=0 thread_todo=1
   Dns_100_10167-25656   [007] ..... 44551.650976: binder_transaction: transaction=3959943 dest_node=12747 dest_proc=1216 dest_thread=0 reply=0 flags=0x11 code=0x1
   Dns_100_10167-25656   [007] ..... 44551.650986: binder_wait_for_work: proc_work=0 transaction_stack=0 thread_todo=1
##### CPU 6 buffer started ####
    RenderThread-25167   [006] ..... 44551.693325: binder_transaction: transaction=3960010 dest_node=532 dest_proc=600 dest_thread=0 reply=0 flags=0x11 code=0x8
    RenderThread-25167   [006] ..... 44551.693405: binder_wait_for_work: proc_work=0 transaction_stack=0 thread_todo=1
   kworker/u16:1-24965   [007] ..... 44551.704872: block_rq_issue: 8,0 R 57344 () 11876928 + 112 [kworker/u16:1]
     ksoftirqd/7-70      [007] ..s.. 44551.705106: block_rq_complete: 8,0 R () 11876928 + 112 [0]
  binder:25132_3-25144   [007] ..... 44551.707737: binder_transaction_received: transaction=3960018
  binder:25132_3-25144   [007] ..... 44551.708104: binder_wait_for_work: proc_work=1 transaction_stack=0 thread_todo=0
    RenderThread-25167   [006] ..... 44551.711589: binder_transaction: transaction=3960019 dest_node=532 dest_proc=600 dest_thread=0 reply=0 flags=0x11 code=0x8
    RenderThread-25167   [006] ..... 44551.711682: binder_wait_for_work: proc_work=0 transaction_stack=0 thread_todo=1
    RenderThread-25167   [007] ..... 44551.725745: binder_transaction: transaction=3960024 dest_node=532 dest_proc=600 dest_thread=0 reply=0 flags=0x11 code=0x8
    RenderThread-25167   [007] ..... 44551.725831: binder_wait_for_work: proc_work=0 transaction_stack=0 thread_todo=1
 .android.chrome-25132   [007] ..... 44551.754396: binder_transaction: transaction=3960038 dest_node=3930430 dest_proc=600 dest_thread=0 reply=0 flags=0x11 code=0x3
 .android.chrome-25132   [007] ..... 44551.754476: binder_wait_for_work: proc_work=0 transaction_stack=0 thread_todo=1
 android.hardwar-2550    [006] ..... 44551.754916: binder_transaction: transaction=3960039 dest_node=25524 dest_proc=2232 dest_thread=0 reply=0 flags=0x10 code=0x1
 android.hardwar-2550    [006] ..... 44551.754962: binder_wait_for_work: proc_work=0 transaction_stack=1 thread_todo=1
    RenderThread-25167   [007] ..... 44551.758124: binder_transaction: transaction=3960043 dest_node=532 dest_proc=600 dest_thread=0 reply=0 flags=0x11 code=0x8
    RenderThread-25167   [007] ..... 44551.758209: binder_wait_for_work: proc_work=0 transaction_stack=0 thread_todo=1
    binder:600_2-647     [006] ..... 44551.770554: binder_transaction_received: transaction=3960045
    binder:600_2-647     [006] ..... 44551.770603: binder_wait_for_work: proc_work=1 transaction_stack=0 thread_todo=0
    RenderThread-25167   [006] ..... 44551.774968: binder_transaction: transaction=3960049 dest_node=532 dest_proc=600 dest_thread=0 reply=0 flags=0x11 code=0x8
    RenderThread-25167   [006] ..... 44551.775055: binder_wait_for_work: proc_work=0 transaction_stack=0 thread_todo=1
 .android.chrome-25132   [007] ..... 44551.795115: binder_transaction_received: transaction=3960059
 .android.chrome-25132   [006] ..... 44551.804150: binder_transaction: transaction=3960060 dest_node=3930430 dest_proc=600 dest_thread=0 reply=0 flags=0x11 code=0x3
 .android.chrome-25132   [006] ..... 44551.804204: binder_wait_for_work: proc_work=0 transaction_stack=0 thread_todo=1
  RegionSampling-698     [006] ..... 44551.838181: binder_transaction: transaction=3960071 dest_node=3929675 dest_proc=2275 dest_thread=0 reply=0 flags=0x11 code=0x1
  RegionSampling-698     [006] ..... 44551.838221: binder_wait_for_work: proc_work=0 transaction_stack=0 thread_todo=1
   kworker/u17:1-23159   [006] ..... 44551.851857: block_rq_issue: 8,0 R 4096 () 3745656 + 8 [kworker/u17:1]
   kworker/u17:1-23159   [006] ..... 44551.851893: block_rq_issue: 8,0 RA 36864 () 2964544 + 72 [kworker/u17:1]
   kworker/u17:1-23159   [006] ..... 44551.851903: block_rq_issue: 8,0 RA 32768 () 2964624 + 64 [kworker/u17:1]
   kworker/u17:1-23159   [006] ..... 44551.851914: block_rq_issue: 8,0 RA 49152 () 2964704 + 96 [kworker/u17:1]
    binder:600_2-647     [007] ..... 44551.854779: binder_transaction_received: transaction=3960077
    binder:600_2-647     [007] ..... 44551.854830: binder_wait_for_work: proc_work=1 transaction_stack=0 thread_todo=0
 .android.chrome-25132   [006] ..... 44551.919669: block_rq_issue: 8,0 RA 12288 () 94137952 + 24 [.android.chrome]
 .android.chrome-25132   [006] ..... 44551.919688: block_rq_issue: 8,0 RA 4096 () 94137984 + 8 [.android.chrome]
 .android.chrome-25132   [006] ..... 44551.919724: block_rq_issue: 8,0 RA 16384 () 94138040 + 32 [.android.chrome]
 .android.chrome-25132   [006] ..... 44551.919752: block_rq_issue: 8,0 RA 12288 () 95434728 + 24 [.android.chrome]
 .android.chrome-25132   [006] ..... 44551.919776: block_rq_issue: 8,0 RA 12288 () 95434760 + 24 [.android.chrome]
 .android.chrome-25132   [006] ..... 44551.919833: block_rq_issue: 8,0 RA 12288 () 95434792 + 24 [.android.chrome]
 .android.chrome-25132   [006] ..s1. 44551.919859: block_rq_complete: 8,0 RA () 94137952 + 24 [0]
 .android.chrome-25132   [006] ..s1. 44551.919879: block_rq_complete: 8,0 RA () 94138040 + 32 [0]
 .android.chrome-25132   [006] ..... 44551.919892: block_rq_issue: 8,0 RA 8192 () 95434848 + 16 [.android.chrome]
          <idle>-0       [006] ..s1. 44551.919937: block_rq_complete: 8,0 RA () 94137984 + 8 [0]
          <idle>-0       [006] ..s1. 44551.920020: block_rq_complete: 8,0 RA () 95434728 + 24 [0]
          <idle>-0       [006] ..s1. 44551.920119: block_rq_complete: 8,0 RA () 95434848 + 16 [0]
          <idle>-0       [006] ..s1. 44551.920125: block_rq_complete: 8,0 RA () 95434760 + 24 [0]
          <idle>-0       [006] ..s1. 44551.920137: block_rq_complete: 8,0 RA () 95434792 + 24 [0]
  RegionSampling-698     [006] ..... 44551.935866: binder_transaction: transaction=3960140 dest_node=3929675 dest_proc=2275 dest_thread=0 reply=0 flags=0x11 code=0x1
  RegionSampling-698     [006] ..... 44551.935916: binder_wait_for_work: proc_work=0 transaction_stack=0 thread_todo=1
    binder:600_2-647     [007] ..... 44551.938075: binder_transaction_received: transaction=3960143
    binder:600_2-647     [007] ..... 44551.938098: binder_wait_for_work: proc_work=1 transaction_stack=0 thread_todo=0
   Dns_100_10167-25667   [007] ..... 44551.939325: binder_transaction: transaction=3960146 dest_node=12103 dest_proc=1216 dest_thread=0 reply=0 flags=0x11 code=0x1
   Dns_100_10167-25667   [007] ..... 44551.939338: binder_wait_for_work: proc_work=0 transaction_stack=0 thread_todo=1
    RenderThread-25167   [007] ..... 44551.943902: binder_transaction: transaction=3960149 dest_node=532 dest_proc=600 dest_thread=0 reply=0 flags=0x11 code=0x8
    RenderThread-25167   [007] ..... 44551.943990: binder_wait_for_work: proc_work=0 transaction_stack=0 thread_todo=1
    binder:903_2-942     [007] ..... 44551.946693: binder_transaction: transaction=3960150 dest_node=12103 dest_proc=1216 dest_thread=0 reply=0 flags=0x11 code=0x3
    binder:903_2-942     [007] ..... 44551.946747: binder_wait_for_work: proc_work=0 transaction_stack=0 thread_todo=1
    binder:600_2-647     [006] ..... 44551.971482: binder_transaction_received: transaction=3960156
    binder:600_2-647     [006] ..... 44551.971528: binder_wait_for_work: proc_work=1 transaction_stack=0 thread_todo=0
 .android.chrome-25132   [006] ..... 44551.988117: binder_transaction: transaction=3960161 dest_node=3930430 dest_proc=600 dest_thread=0 reply=0 flags=0x11 code=0x3
 .android.chrome-25132   [006] ..... 44551.988168: binder_wait_for_work: proc_work=0 transaction_stack=0 thread_todo=1
 .android.chrome-25132   [006] ..... 44552.004715: binder_transaction: transaction=3960166 dest_node=3930430 dest_proc=600 dest_thread=0 reply=0 flags=0x11 code=0x3
 .android.chrome-25132   [006] ..... 44552.004768: binder_wait_for_work: proc_work=0 transaction_stack=0 thread_todo=1
    binder:600_2-647     [007] ..... 44552.021868: binder_transaction_received: transaction=3960171
    binder:600_2-647     [007] ..... 44552.021905: binder_wait_for_work: proc_work=1 transaction_stack=0 thread_todo=0
  surfaceflinger-600     [007] ..... 44552.038477: binder_transaction: transaction=3960177 dest_node=449 dest_proc=604 dest_thread=0 reply=0 flags=0x10 code=0x23
  surfaceflinger-600     [007] ..... 44552.038583: binder_wait_for_work: proc_work=0 transaction_stack=1 thread_todo=1
  surfaceflinger-600     [007] ..... 44552.038597: binder_wait_for_work: proc_work=0 transaction_stack=1 thread_todo=0
    binder:600_2-647     [006] ..... 44552.038632: binder_transaction_received: transaction=3960178
  HwBinder:604_2-658     [007] ..... 44552.038634: binder_transaction_received: transaction=3960177
    binder:600_2-647     [006] ..... 44552.038673: binder_wait_for_work: proc_work=1 transaction_stack=0 thread_todo=0
  decon0_kthread-292     [006] ..... 44552.039182: dma_fence_wait_start: driver=mali timeline=mali.timeline context=318499 seqno=10
  decon0_kthread-292     [006] ..... 44552.039184: dma_fence_wait_end: driver=mali timeline=mali.timeline context=318499 seqno=10
  decon0_kthread-292     [006] ..... 44552.039186: dma_fence_wait_start: driver=mali timeline=mali.timeline context=316926 seqno=1773
  decon0_kthread-292     [006] ..... 44552.039186: dma_fence_wait_end: driver=mali timeline=mali.timeline context=316926 seqno=1773
  decon0_kthread-292     [006] ..... 44552.039188: dma_fence_wait_start: driver=mali timeline=mali.timeline context=7 seqno=294755
  decon0_kthread-292     [006] ..... 44552.039188: dma_fence_wait_end: driver=mali timeline=mali.timeline context=7 seqno=294755
  HwBinder:604_2-658     [007] ..... 44552.039236: binder_transaction: transaction=3960180 dest_node=0 dest_proc=600 dest_thread=600 reply=1 flags=0x0 code=0x0
  HwBinder:604_2-658     [007] ..... 44552.039279: binder_wait_for_work: proc_work=0 transaction_stack=0 thread_todo=1
  HwBinder:604_2-658     [007] ..... 44552.039304: binder_wait_for_work: proc_work=1 transaction_stack=0 thread_todo=0
  HwBinder:604_2-658     [007] ..... 44552.039309: binder_wait_for_work: proc_work=1 transaction_stack=0 thread_todo=0
  surfaceflinger-600     [007] ..... 44552.039333: binder_transaction_received: transaction=3960180
 .android.chrome-25132   [006] ..... 44552.071706: binder_transaction: transaction=3960188 dest_node=3930430 dest_proc=600 dest_thread=0 reply=0 flags=0x11 code=0x3
 .android.chrome-25132   [006] ..... 44552.071759: binder_wait_for_work: proc_work=0 transaction_stack=0 thread_todo=1
 .android.chrome-25132   [007] ..... 44552.088691: binder_transaction: transaction=3960194 dest_node=3930430 dest_proc=600 dest_thread=0 reply=0 flags=0x11 code=0x3
 .android.chrome-25132   [007] ..... 44552.088769: binder_wait_for_work: proc_work=0 transaction_stack=0 thread_todo=1
 .android.chrome-25132   [007] ..... 44552.105290: binder_transaction: transaction=3960199 dest_node=3930430 dest_proc=600 dest_thread=0 reply=0 flags=0x11 code=0x3
 .android.chrome-25132   [007] ..... 44552.105345: binder_wait_for_work: proc_work=0 transaction_stack=0 thread_todo=1
  binder:25132_3-25144   [007] ..... 44552.124708: binder_transaction_received: transaction=3960207
  binder:25132_3-25144   [007] ..... 44552.124897: binder_wait_for_work: proc_work=1 transaction_stack=0 thread_todo=0
 .android.chrome-25132   [007] ..... 44552.138576: binder_transaction: transaction=3960209 dest_node=3930430 dest_proc=600 dest_thread=0 reply=0 flags=0x11 code=0x3
 .android.chrome-25132   [007] ..... 44552.138646: binder_wait_for_work: proc_work=0 transaction_stack=0 thread_todo=1
    binder:600_2-647     [006] ..... 44552.138734: binder_transaction_received: transaction=3960209
    binder:600_2-647     [006] ..... 44552.138786: binder_wait_for_work: proc_work=1 transaction_stack=0 thread_todo=0
  RegionSampling-698     [006] ..... 44552.139929: binder_transaction: transaction=3960212 dest_node=3929675 dest_proc=2275 dest_thread=0 reply=0 flags=0x11 code=0x1
  RegionSampling-698     [006] ..... 44552.139995: binder_wait_for_work: proc_work=0 transaction_stack=0 thread_todo=1
  binder:25132_3-25144   [007] ..... 44552.140164: binder_transaction_received: transaction=3960213
  binder:25132_3-25144   [007] ..... 44552.140402: binder_wait_for_work: proc_work=1 transaction_stack=0 thread_todo=0
 .android.chrome-25132   [006] ..... 44552.155472: binder_transaction: transaction=3960215 dest_node=3930430 dest_proc=600 dest_thread=0 reply=0 flags=0x11 code=0x3
 .android.chrome-25132   [006] ..... 44552.155525: binder_wait_for_work: proc_work=0 transaction_stack=0 thread_todo=1
    binder:600_2-647     [007] ..... 44552.155538: binder_transaction_received: transaction=3960215
    binder:600_2-647     [007] ..... 44552.155585: binder_wait_for_work: proc_work=1 transaction_stack=0 thread_todo=0
  binder:25132_3-25144   [007] ..... 44552.159042: binder_transaction_received: transaction=3960218
  surfaceflinger-600     [006] ..... 44552.172367: binder_transaction: transaction=3960220 dest_node=449 dest_proc=604 dest_thread=0 reply=0 flags=0x10 code=0x23
  surfaceflinger-600     [006] ..... 44552.172430: binder_wait_for_work: proc_work=0 transaction_stack=1 thread_todo=1
  surfaceflinger-600     [006] ..... 44552.172444: binder_wait_for_work: proc_work=0 transaction_stack=1 thread_todo=0
  HwBinder:604_2-658     [006] ..... 44552.172482: binder_transaction_received: transaction=3960220
  HwBinder:604_2-658     [006] ..... 44552.173207: binder_transaction: transaction=3960222 dest_node=0 dest_proc=600 dest_thread=600 reply=1 flags=0x0 code=0x0
  HwBinder:604_2-658     [006] ..... 44552.173342: binder_wait_for_work: proc_work=0 transaction_stack=0 thread_todo=1
  HwBinder:604_2-658     [006] ..... 44552.173382: binder_wait_for_work: proc_work=1 transaction_stack=0 thread_todo=0
  HwBinder:604_2-658     [006] ..... 44552.173401: binder_wait_for_work: proc_work=1 transaction_stack=0 thread_todo=0
  surfaceflinger-600     [006] ..... 44552.173438: binder_transaction_received: transaction=3960222
    binder:600_2-647     [007] ..... 44552.222657: binder_transaction_received: transaction=3960239
    binder:600_2-647     [007] ..... 44552.222698: binder_wait_for_work: proc_work=1 transaction_stack=0 thread_todo=0
 .android.chrome-25132   [007] ..... 44552.238914: binder_transaction: transaction=3960244 dest_node=3930430 dest_proc=600 dest_thread=0 reply=0 flags=0x11 code=0x3
 .android.chrome-25132   [007] ..... 44552.238963: binder_wait_for_work: proc_work=0 transaction_stack=0 thread_todo=1
 .android.chrome-25132   [006] ..... 44552.255887: binder_transaction: transaction=3960251 dest_node=3930430 dest_proc=600 dest_thread=0 reply=0 flags=0x11 code=0x3
 .android.chrome-25132   [006] ..... 44552.255963: binder_wait_for_work: proc_work=0 transaction_stack=0 thread_todo=1
  surfaceflinger-600     [006] ..... 44552.305946: binder_transaction: transaction=3960265 dest_node=449 dest_proc=604 dest_thread=0 reply=0 flags=0x10 code=0x23
  surfaceflinger-600     [006] ..... 44552.306016: binder_wait_for_work: proc_work=0 transaction_stack=1 thread_todo=1
  surfaceflinger-600     [006] ..... 44552.306031: binder_wait_for_work: proc_work=0 transaction_stack=1 thread_todo=0
  HwBinder:604_2-658     [006] ..... 44552.306070: binder_transaction_received: transaction=3960265
  HwBinder:604_2-658     [006] ..... 44552.306752: binder_transaction: transaction=3960267 dest_node=0 dest_proc=600 dest_thread=600 reply=1 flags=0x0 code=0x0
  HwBinder:604_2-658     [006] ..... 44552.306823: binder_wait_for_work: proc_work=0 transaction_stack=0 thread_todo=1
  HwBinder:604_2-658     [006] ..... 44552.306875: binder_wait_for_work: proc_work=1 transaction_stack=0 thread_todo=0
  HwBinder:604_2-658     [006] ..... 44552.306884: binder_wait_for_work: proc_work=1 transaction_stack=0 thread_todo=0
  surfaceflinger-600     [006] ..... 44552.306923: binder_transaction_received: transaction=3960267
 .android.chrome-25132   [007] ..... 44552.322524: binder_transaction: transaction=3960270 dest_node=3930430 dest_proc=600 dest_thread=0 reply=0 flags=0x11 code=0x3
 .android.chrome-25132   [007] ..... 44552.322616: binder_wait_for_work: proc_work=0 transaction_stack=0 thread_todo=1
  binder:25132_3-25144   [006] ..... 44552.342113: binder_transaction_received: transaction=3960280
  binder:25132_3-25144   [006] ..... 44552.342394: binder_wait_for_work: proc_work=1 transaction_stack=0 thread_todo=0
  surfaceflinger-600     [006] ..... 44552.355878: binder_transaction: transaction=3960282 dest_node=449 dest_proc=604 dest_thread=0 reply=0 flags=0x10 code=0x23
  surfaceflinger-600     [006] ..... 44552.355925: binder_wait_for_work: proc_work=0 transaction_stack=1 thread_todo=1
  surfaceflinger-600     [006] ..... 44552.355938: binder_wait_for_work: proc_work=0 transaction_stack=1 thread_todo=0
  HwBinder:604_2-658     [006] ..... 44552.356004: binder_transaction_received: transaction=3960282
  HwBinder:604_2-658     [006] ..... 44552.356630: binder_transaction: transaction=3960284 dest_node=0 dest_proc=600 dest_thread=600 reply=1 flags=0x0 code=0x0
  HwBinder:604_2-658     [006] ..... 44552.356703: binder_wait_for_work: proc_work=0 transaction_stack=0 thread_todo=1
  HwBinder:604_2-658     [006] ..... 44552.356742: binder_wait_for_work: proc_work=1 transaction_stack=0 thread_todo=0
  HwBinder:604_2-658     [006] ..... 44552.356751: binder_wait_for_work: proc_work=1 transaction_stack=0 thread_todo=0
  surfaceflinger-600     [006] ..... 44552.356788: binder_transaction_received: transaction=3960284
  surfaceflinger-600     [007] ..... 44552.389558: binder_transaction: transaction=3960301 dest_node=449 dest_proc=604 dest_thread=0 reply=0 flags=0x10 code=0x23
  surfaceflinger-600     [007] ..... 44552.389676: binder_wait_for_work: proc_work=0 transaction_stack=1 thread_todo=1
  surfaceflinger-600     [007] ..... 44552.389701: binder_wait_for_work: proc_work=0 transaction_stack=1 thread_todo=0
  HwBinder:604_2-658     [007] ..... 44552.389737: binder_transaction_received: transaction=3960301
  HwBinder:604_2-658     [007] ..... 44552.390505: binder_transaction: transaction=3960302 dest_node=0 dest_proc=600 dest_thread=600 reply=1 flags=0x0 code=0x0
  HwBinder:604_2-658     [007] ..... 44552.390576: binder_wait_for_work: proc_work=0 transaction_stack=0 thread_todo=1
  HwBinder:604_2-658     [007] ..... 44552.390621: binder_wait_for_work: proc_work=1 transaction_stack=0 thread_todo=0
  HwBinder:604_2-658     [007] ..... 44552.390631: binder_wait_for_work: proc_work=1 transaction_stack=0 thread_todo=0
  surfaceflinger-600     [007] ..... 44552.390670: binder_transaction_received: transaction=3960302
  binder:25132_3-25144   [006] ..... 44552.446715: binder_transaction_received: transaction=3960319
  binder:25132_3-25144   [006] ..... 44552.447066: binder_wait_for_work: proc_work=1 transaction_stack=0 thread_todo=0
 .android.chrome-25132   [007] ..... 44552.456400: binder_transaction: transaction=3960321 dest_node=3930430 dest_proc=600 dest_thread=0 reply=0 flags=0x11 code=0x3
 .android.chrome-25132   [007] ..... 44552.456456: binder_wait_for_work: proc_work=0 transaction_stack=0 thread_todo=1
  binder:25132_3-25144   [006] ..... 44552.457935: binder_transaction_received: transaction=3960324
  binder:25132_3-25144   [006] ..... 44552.458183: binder_wait_for_work: proc_work=1 transaction_stack=0 thread_todo=0
 .android.chrome-25132   [007] ..... 44552.489569: binder_transaction: transaction=3960331 dest_node=3930430 dest_proc=600 dest_thread=0 reply=0 flags=0x11 code=0x3
 .android.chrome-25132   [007] ..... 44552.489620: binder_wait_for_work: proc_work=0 transaction_stack=0 thread_todo=1
  binder:25132_3-25144   [006] ..... 44552.542817: binder_transaction_received: transaction=3960350
 .android.chrome-25132   [006] ..... 44552.589907: binder_transaction: transaction=3960362 dest_node=3930430 dest_proc=600 dest_thread=0 reply=0 flags=0x11 code=0x3
 .android.chrome-25132   [006] ..... 44552.589957: binder_wait_for_work: proc_work=0 transaction_stack=0 thread_todo=1
 .android.chrome-25132   [006] ..... 44552.623420: binder_transaction: transaction=3960372 dest_node=3930430 dest_proc=600 dest_thread=0 reply=0 flags=0x11 code=0x3
 .android.chrome-25132   [006] ..... 44552.623469: binder_wait_for_work: proc_work=0 transaction_stack=0 thread_todo=1
  binder:25132_3-25144   [007] ..... 44552.642768: binder_transaction_received: transaction=3960381
  binder:25132_3-25144   [007] ..... 44552.643112: binder_wait_for_work: proc_work=1 transaction_stack=0 thread_todo=0
  surfaceflinger-600     [006] ..... 44552.673937: binder_transaction: transaction=3960388 dest_node=449 dest_proc=604 dest_thread=0 reply=0 flags=0x10 code=0x23
  surfaceflinger-600     [006] ..... 44552.673989: binder_wait_for_work: proc_work=0 transaction_stack=1 thread_todo=1
  surfaceflinger-600     [006] ..... 44552.674004: binder_wait_for_work: proc_work=0 transaction_stack=1 thread_todo=0
  HwBinder:604_2-658     [006] ..... 44552.674040: binder_transaction_received: transaction=3960388
  HwBinder:604_2-658     [006] ..... 44552.674712: binder_transaction: transaction=3960391 dest_node=0 dest_proc=600 dest_thread=600 reply=1 flags=0x0 code=0x0
  HwBinder:604_2-658     [006] ..... 44552.674796: binder_wait_for_work: proc_work=0 transaction_stack=0 thread_todo=1
  HwBinder:604_2-658     [006] ..... 44552.674835: binder_wait_for_work: proc_work=1 transaction_stack=0 thread_todo=0
  HwBinder:604_2-658     [006] ..... 44552.674843: binder_wait_for_work: proc_work=1 transaction_stack=0 thread_todo=0
  surfaceflinger-600     [006] ..... 44552.674881: binder_transaction_received: transaction=3960391
    RenderThread-25167   [006] ..... 44552.679271: binder_transaction: transaction=3960393 dest_node=532 dest_proc=600 dest_thread=0 reply=0 flags=0x11 code=0x8
    RenderThread-25167   [006] ..... 44552.679358: binder_wait_for_work: proc_work=0 transaction_stack=0 thread_todo=1
    RenderThread-25167   [007] ..... 44552.696170: binder_transaction: transaction=3960398 dest_node=532 dest_proc=600 dest_thread=0 reply=0 flags=0x11 code=0x8
    RenderThread-25167   [007] ..... 44552.696266: binder_wait_for_work: proc_work=0 transaction_stack=0 thread_todo=1
    RenderThread-25167   [006] ..... 44552.711991: binder_transaction: transaction=3960403 dest_node=532 dest_proc=600 dest_thread=0 reply=0 flags=0x11 code=0x8
    RenderThread-25167   [006] ..... 44552.712081: binder_wait_for_work: proc_work=0 transaction_stack=0 thread_todo=1
 .android.chrome-25132   [006] ..... 44552.723513: binder_transaction: transaction=3960404 dest_node=3930430 dest_proc=600 dest_thread=0 reply=0 flags=0x11 code=0x3
 .android.chrome-25132   [006] ..... 44552.723566: binder_wait_for_work: proc_work=0 transaction_stack=0 thread_todo=1
    RenderThread-25167   [006] ..... 44552.727663: binder_transaction: transaction=3960408 dest_node=532 dest_proc=600 dest_thread=0 reply=0 flags=0x11 code=0x8
    RenderThread-25167   [006] ..... 44552.727749: binder_wait_for_work: proc_work=0 transaction_stack=0 thread_todo=1
 .android.chrome-25132   [006] ..... 44552.740232: binder_transaction: transaction=3960410 dest_node=3930430 dest_proc=600 dest_thread=0 reply=0 flags=0x11 code=0x3
 .android.chrome-25132   [006] ..... 44552.740281: binder_wait_for_work: proc_work=0 transaction_stack=0 thread_todo=1
    RenderThread-25167   [007] ..... 44552.765124: binder_transaction: transaction=3960419 dest_node=532 dest_proc=600 dest_thread=0 reply=0 flags=0x11 code=0x8
    RenderThread-25167   [007] ..... 44552.765208: binder_wait_for_work: proc_work=0 transaction_stack=0 thread_todo=1
    RenderThread-25167   [007] ..... 44552.779811: binder_transaction: transaction=3960424 dest_node=532 dest_proc=600 dest_thread=0 reply=0 flags=0x11 code=0x8
    RenderThread-25167   [007] ..... 44552.779914: binder_wait_for_work: proc_work=0 transaction_stack=0 thread_todo=1
    RenderThread-25167   [007] ..... 44552.796435: binder_transaction: transaction=3960429 dest_node=532 dest_proc=600 dest_thread=0 reply=0 flags=0x11 code=0x8
    RenderThread-25167   [007] ..... 44552.796525: binder_wait_for_work: proc_work=0 transaction_stack=0 thread_todo=1
  binder:25132_3-25144   [006] ..... 44552.842825: binder_transaction_received: transaction=3960444
  binder:25132_3-25144   [006] ..... 44552.843178: binder_wait_for_work: proc_work=1 transaction_stack=0 thread_todo=0
 .android.chrome-25132   [006] ..... 44553.042226: binder_transaction: transaction=3960504 dest_node=3930430 dest_proc=600 dest_thread=0 reply=0 flags=0x11 code=0x3
 .android.chrome-25132   [006] ..... 44553.042299: binder_wait_for_work: proc_work=0 transaction_stack=0 thread_todo=1
    RenderThread-25167   [006] ..... 44553.062159: binder_transaction: transaction=3960512 dest_node=532 dest_proc=600 dest_thread=0 reply=0 flags=0x11 code=0x8
    RenderThread-25167   [006] ..... 44553.062242: binder_wait_for_work: proc_work=0 transaction_stack=0 thread_todo=1
 .android.chrome-25132   [007] ..... 44553.159060: binder_transaction: transaction=3960543 dest_node=3930430 dest_proc=600 dest_thread=0 reply=0 flags=0x11 code=0x3
 .android.chrome-25132   [007] ..... 44553.159131: binder_wait_for_work: proc_work=0 transaction_stack=0 thread_todo=1
  binder:25132_3-25144   [006] ..... 44553.177085: binder_transaction_received: transaction=3960551
  binder:25132_3-25144   [006] ..... 44553.177494: binder_wait_for_work: proc_work=1 transaction_stack=0 thread_todo=0
    RenderThread-25167   [006] ..... 44553.198902: binder_transaction: transaction=3960557 dest_node=532 dest_proc=600 dest_thread=0 reply=0 flags=0x11 code=0x8
    RenderThread-25167   [006] ..... 44553.198996: binder_wait_for_work: proc_work=0 transaction_stack=0 thread_todo=1
 .android.chrome-25132   [007] ..... 44553.242546: binder_transaction: transaction=3960569 dest_node=3930430 dest_proc=600 dest_thread=0 reply=0 flags=0x11 code=0x3
 .android.chrome-25132   [007] ..... 44553.242614: binder_wait_for_work: proc_work=0 transaction_stack=0 thread_todo=1
 .android.chrome-25132   [006] ..... 44553.326423: binder_transaction: transaction=3960639 dest_node=3930430 dest_proc=600 dest_thread=0 reply=0 flags=0x11 code=0x3
 .android.chrome-25132   [006] ..... 44553.326494: binder_wait_for_work: proc_work=0 transaction_stack=0 thread_todo=1
  RegionSampling-698     [006] ..... 44553.351195: binder_transaction: transaction=3960649 dest_node=3929675 dest_proc=2275 dest_thread=0 reply=0 flags=0x11 code=0x1
  RegionSampling-698     [006] ..... 44553.351301: binder_wait_for_work: proc_work=0 transaction_stack=0 thread_todo=1
 .android.chrome-25132   [007] ..... 44553.677526: binder_transaction: transaction=3960748 dest_node=3930430 dest_proc=600 dest_thread=0 reply=0 flags=0x11 code=0x3
 .android.chrome-25132   [007] ..... 44553.677597: binder_wait_for_work: proc_work=0 transaction_stack=0 thread_todo=1
 .android.chrome-25132   [007] ..... 44553.727669: binder_transaction: transaction=3960763 dest_node=3930430 dest_proc=600 dest_thread=0 reply=0 flags=0x11 code=0x3
 .android.chrome-25132   [007] ..... 44553.727744: binder_wait_for_work: proc_work=0 transaction_stack=0 thread_todo=1
 .android.chrome-25132   [006] ..... 44553.961354: binder_transaction: transaction=3960836 dest_node=3930430 dest_proc=600 dest_thread=0 reply=0 flags=0x11 code=0x3
 .android.chrome-25132   [006] ..... 44553.961423: binder_wait_for_work: proc_work=0 transaction_stack=0 thread_todo=1
    RenderThread-25167   [006] ..... 44554.055954: binder_transaction: transaction=3960867 dest_node=532 dest_proc=600 dest_thread=0 reply=0 flags=0x11 code=0x8
    RenderThread-25167   [006] ..... 44554.056052: binder_wait_for_work: proc_work=0 transaction_stack=0 thread_todo=1
    binder:994_1-1051    [006] ..... 44554.062450: binder_transaction: transaction=3960869 dest_node=0 dest_proc=1216 dest_thread=1881 reply=1 flags=0x0 code=0x0
    binder:994_1-1051    [006] ..... 44554.062520: binder_wait_for_work: proc_work=0 transaction_stack=0 thread_todo=1
    binder:994_1-1051    [006] ..... 44554.062540: binder_wait_for_work: proc_work=1 transaction_stack=0 thread_todo=0
    binder:994_1-1051    [006] ..... 44554.064033: binder_transaction_received: transaction=3960871
    binder:994_1-1051    [006] ..... 44554.064376: binder_transaction: transaction=3960873 dest_node=0 dest_proc=1216 dest_thread=1881 reply=1 flags=0x0 code=0x0
    binder:994_1-1051    [006] ..... 44554.064412: binder_wait_for_work: proc_work=0 transaction_stack=0 thread_todo=1
    binder:994_1-1051    [006] ..... 44554.064427: binder_wait_for_work: proc_work=1 transaction_stack=0 thread_todo=0
  wpa_supplicant-2946    [006] ..... 44554.087604: binder_transaction: transaction=3960882 dest_node=0 dest_proc=1216 dest_thread=1881 reply=1 flags=0x0 code=0x0
  wpa_supplicant-2946    [006] ..... 44554.087661: binder_wait_for_work: proc_work=0 transaction_stack=0 thread_todo=1
    RenderThread-25167   [006] ..... 44554.268401: binder_transaction: transaction=3960943 dest_node=532 dest_proc=600 dest_thread=0 reply=0 flags=0x11 code=0x8
    RenderThread-25167   [006] ..... 44554.268445: binder_wait_for_work: proc_work=0 transaction_stack=0 thread_todo=1
    RenderThread-25167   [006] ..... 44554.283284: binder_transaction: transaction=3960948 dest_node=532 dest_proc=600 dest_thread=0 reply=0 flags=0x11 code=0x8
    RenderThread-25167   [006] ..... 44554.283344: binder_wait_for_work: proc_work=0 transaction_stack=0 thread_todo=1
    RenderThread-25167   [006] ..... 44554.300659: binder_transaction: transaction=3960953 dest_node=532 dest_proc=600 dest_thread=0 reply=0 flags=0x11 code=0x8
    RenderThread-25167   [006] ..... 44554.300713: binder_wait_for_work: proc_work=0 transaction_stack=0 thread_todo=1
 .android.chrome-25132   [006] ..... 44554.329247: binder_transaction: transaction=3960959 dest_node=3930430 dest_proc=600 dest_thread=0 reply=0 flags=0x11 code=0x3
 .android.chrome-25132   [006] ..... 44554.329320: binder_wait_for_work: proc_work=0 transaction_stack=0 thread_todo=1
 .android.chrome-25132   [007] ..... 44554.379473: binder_transaction: transaction=3960975 dest_node=3930430 dest_proc=600 dest_thread=0 reply=0 flags=0x11 code=0x3
 .android.chrome-25132   [007] ..... 44554.379544: binder_wait_for_work: proc_work=0 transaction_stack=0 thread_todo=1
    binder:600_1-646     [006] ..... 44554.789655: binder_transaction_received: transaction=3961108
    binder:600_1-646     [006] ..... 44554.789870: binder_wait_for_work: proc_work=1 transaction_stack=0 thread_todo=0
    binder:600_2-647     [007] ..... 44554.796990: binder_transaction_received: transaction=3961115
    binder:600_1-646     [006] ..... 44554.797115: binder_transaction_received: transaction=3961116
    binder:600_2-647     [007] ..... 44554.797127: binder_wait_for_work: proc_work=1 transaction_stack=0 thread_todo=0
    binder:600_1-646     [006] ..... 44554.797174: binder_wait_for_work: proc_work=1 transaction_stack=0 thread_todo=0
 .android.chrome-25132   [007] ..... 44554.864086: binder_transaction: transaction=3961186 dest_node=3930430 dest_proc=600 dest_thread=0 reply=0 flags=0x11 code=0x3
 .android.chrome-25132   [007] ..... 44554.864153: binder_wait_for_work: proc_work=0 transaction_stack=0 thread_todo=1
 .android.chrome-25132   [006] ..... 44554.981253: binder_transaction: transaction=3961290 dest_node=3930430 dest_proc=600 dest_thread=0 reply=0 flags=0x11 code=0x3
 .android.chrome-25132   [006] ..... 44554.981323: binder_wait_for_work: proc_work=0 transaction_stack=0 thread_todo=1
 .android.chrome-25132   [007] ..... 44555.165305: binder_transaction: transaction=3961356 dest_node=3930430 dest_proc=600 dest_thread=0 reply=0 flags=0x11 code=0x3
 .android.chrome-25132   [007] ..... 44555.165388: binder_wait_for_work: proc_work=0 transaction_stack=0 thread_todo=1
